Archive member included to satisfy reference by file (symbol)

app/libapp.a(main.c.obj)      (--whole-archive)
app/libapp.a(CmdParamTab.c.obj)
                              (--whole-archive)
app/libapp.a(led_ui.c.obj)    (--whole-archive)
app/libapp.a(usbd_init.c.obj)
                              (--whole-archive)
zephyr/libzephyr.a(crc32c_sw.c.obj)
                              (--whole-archive)
zephyr/libzephyr.a(crc32_sw.c.obj)
                              (--whole-archive)
zephyr/libzephyr.a(crc24_sw.c.obj)
                              (--whole-archive)
zephyr/libzephyr.a(crc16_sw.c.obj)
                              (--whole-archive)
zephyr/libzephyr.a(crc8_sw.c.obj)
                              (--whole-archive)
zephyr/libzephyr.a(crc7_sw.c.obj)
                              (--whole-archive)
zephyr/libzephyr.a(crc4_sw.c.obj)
                              (--whole-archive)
zephyr/libzephyr.a(heap.c.obj)
                              (--whole-archive)
zephyr/libzephyr.a(cbprintf_packaged.c.obj)
                              (--whole-archive)
zephyr/libzephyr.a(printk.c.obj)
                              (--whole-archive)
zephyr/libzephyr.a(sem.c.obj)
                              (--whole-archive)
zephyr/libzephyr.a(thread_entry.c.obj)
                              (--whole-archive)
zephyr/libzephyr.a(cbprintf_complete.c.obj)
                              (--whole-archive)
zephyr/libzephyr.a(assert.c.obj)
                              (--whole-archive)
zephyr/libzephyr.a(mpsc_pbuf.c.obj)
                              (--whole-archive)
zephyr/libzephyr.a(reboot.c.obj)
                              (--whole-archive)
zephyr/libzephyr.a(dec.c.obj)
                              (--whole-archive)
zephyr/libzephyr.a(hex.c.obj)
                              (--whole-archive)
zephyr/libzephyr.a(rb.c.obj)  (--whole-archive)
zephyr/libzephyr.a(timeutil.c.obj)
                              (--whole-archive)
zephyr/libzephyr.a(bitarray.c.obj)
                              (--whole-archive)
zephyr/libzephyr.a(ring_buffer.c.obj)
                              (--whole-archive)
zephyr/libzephyr.a(configs.c.obj)
                              (--whole-archive)
zephyr/libzephyr.a(soc_irq.S.obj)
                              (--whole-archive)
zephyr/libzephyr.a(vector.S.obj)
                              (--whole-archive)
zephyr/libzephyr.a(nvs.c.obj)
                              (--whole-archive)
zephyr/libzephyr.a(log_core.c.obj)
                              (--whole-archive)
zephyr/libzephyr.a(log_mgmt.c.obj)
                              (--whole-archive)
zephyr/libzephyr.a(log_cache.c.obj)
                              (--whole-archive)
zephyr/libzephyr.a(log_msg.c.obj)
                              (--whole-archive)
zephyr/libzephyr.a(log_output.c.obj)
                              (--whole-archive)
zephyr/libzephyr.a(log_backend_uart.c.obj)
                              (--whole-archive)
zephyr/libzephyr.a(flash_map.c.obj)
                              (--whole-archive)
zephyr/libzephyr.a(flash_map_default.c.obj)
                              (--whole-archive)
zephyr/libzephyr.a(flash_map_layout.c.obj)
                              (--whole-archive)
zephyr/libzephyr.a(stream_flash.c.obj)
                              (--whole-archive)
zephyr/libzephyr.a(tracing_none.c.obj)
                              (--whole-archive)
zephyr/libzephyr.a(flash_img.c.obj)
                              (--whole-archive)
zephyr/libzephyr.a(addr_utils.c.obj)
                              (--whole-archive)
zephyr/libzephyr.a(flash_util.c.obj)
                              (--whole-archive)
zephyr/libzephyr.a(command_master.c.obj)
                              (--whole-archive)
zephyr/libzephyr.a(command.c.obj)
                              (--whole-archive)
zephyr/libzephyr.a(CmdParamParser.c.obj)
                              (--whole-archive)
zephyr/libzephyr.a(builtin_commands.c.obj)
                              (--whole-archive)
zephyr/libzephyr.a(statemgr.c.obj)
                              (--whole-archive)
zephyr/libzephyr.a(version.c.obj)
                              (--whole-archive)
zephyr/libzephyr.a(flashParam.c.obj)
                              (--whole-archive)
zephyr/libzephyr.a(log_backend_vcp.c.obj)
                              (--whole-archive)
zephyr/libzephyr.a(vcp_transport.c.obj)
                              (--whole-archive)
zephyr/libzephyr.a(uart_link.c.obj)
                              (--whole-archive)
zephyr/arch/common/libarch__common.a(sw_isr_common.c.obj)
                              (--whole-archive)
zephyr/arch/arch/riscv/core/libarch__riscv__core.a(cpu_idle.c.obj)
                              (--whole-archive)
zephyr/arch/arch/riscv/core/libarch__riscv__core.a(fatal.c.obj)
                              (--whole-archive)
zephyr/arch/arch/riscv/core/libarch__riscv__core.a(irq_manage.c.obj)
                              (--whole-archive)
[...]
Memory Configuration

Name             Origin             Length             Attributes
ROM              0x0000000000000000 0x0000000000070000 xr
RAM              0x0000000020000000 0x0000000000008000 xrw
IDT_LIST         0x00000000fffff7ff 0x0000000000000800 xw
*default*        0x0000000000000000 0xffffffffffffffff

Linker script and memory map

                0x0000000000000948                vfprintf = __l_vfprintf
                0x0000000000000000                vfscanf = __l_vfscanf
LOAD zephyr/CMakeFiles/zephyr_pre0.dir/misc/empty_file.c.obj
LOAD zephyr/CMakeFiles/offsets.dir/./arch/riscv/core/offsets/offsets.c.obj
LOAD app/libapp.a
LOAD zephyr/libzephyr.a
LOAD zephyr/arch/common/libarch__common.a
LOAD zephyr/arch/arch/riscv/core/libarch__riscv__core.a
LOAD zephyr/lib/libc/picolibc/liblib__libc__picolibc.a
LOAD zephyr/lib/libc/common/liblib__libc__common.a
LOAD zephyr/soc/soc/ch582/libsoc__wch__ch32v.a
LOAD zephyr/subsys/usb/device_next/libsubsys__usb__device_next.a
LOAD zephyr/subsys/dfu/boot/libsubsys__dfu__boot.a
LOAD zephyr/subsys/net/libsubsys__net.a
LOAD zephyr/drivers/interrupt_controller/libdrivers__interrupt_controller.a
LOAD zephyr/drivers/usb/udc/libdrivers__usb__udc.a
LOAD zephyr/drivers/clock_control/libdrivers__clock_control.a
LOAD zephyr/drivers/console/libdrivers__console.a
LOAD zephyr/drivers/flash/libdrivers__flash.a
LOAD zephyr/drivers/gpio/libdrivers__gpio.a
LOAD zephyr/drivers/hwinfo/libdrivers__hwinfo.a
LOAD zephyr/drivers/pinctrl/libdrivers__pinctrl.a
LOAD zephyr/drivers/pwm/libdrivers__pwm.a
LOAD zephyr/drivers/serial/libdrivers__serial.a
LOAD zephyr/drivers/timer/libdrivers__timer.a
LOAD /home/davit/Desktop/sim/modules/hal/wch/lib/libISP583.a
LOAD modules/mcuboot/libmcuboot_util.a
LOAD zephyr/kernel/libkernel.a
LOAD /home/davit/zephyr-sdk-0.16.8/riscv64-zephyr-elf/bin/../lib/gcc/riscv64-zephyr-elf/12.2.0/libgcc.a
LOAD zephyr/arch/common/libisr_tables.a
LOAD /home/davit/zephyr-sdk-0.16.8/riscv64-zephyr-elf/bin/../lib/gcc/../../picolibc/riscv64-zephyr-elf/lib/./libc.a
LOAD /home/davit/zephyr-sdk-0.16.8/riscv64-zephyr-elf/bin/../lib/gcc/riscv64-zephyr-elf/12.2.0/libgcc.a

.rel.plt        0x0000000000000000        0x0
 *(SORT_BY_ALIGNMENT(.rel.plt))
                [!provide]                        PROVIDE (__rel_iplt_start = .)
 *(SORT_BY_ALIGNMENT(.rel.iplt))
                [!provide]                        PROVIDE (__rel_iplt_end = .)

.rela.plt       0x0000000000000000        0x0
 *(SORT_BY_ALIGNMENT(.rela.plt))
                [!provide]                        PROVIDE (__rela_iplt_start = .)
 *(SORT_BY_ALIGNMENT(.rela.iplt))
                [!provide]                        PROVIDE (__rela_iplt_end = .)

.rel.dyn
 *(SORT_BY_ALIGNMENT(.rel.*))

.rela.dyn       0x0000000000000000        0x0
 *(SORT_BY_ALIGNMENT(.rela.*))
 .rela.text.cbvprintf_package
                0x0000000000000000        0x0 app/libapp.a(main.c.obj)
 .rela.text.cbprintf_package_convert
                0x0000000000000000        0x0 app/libapp.a(main.c.obj)
 .rela.sdata._char_out
                0x0000000000000000        0x0 app/libapp.a(main.c.obj)
 .rela.vectors.__start
                0x0000000000000000        0x0 app/libapp.a(main.c.obj)
 .rela.text.activate_foreach_backend
                0x0000000000000000        0x0 app/libapp.a(main.c.obj)
 .rela.text.z_log_init
                0x0000000000000000        0x0 app/libapp.a(main.c.obj)
 .rela.text.dropped_notify
                0x0000000000000000        0x0 app/libapp.a(main.c.obj)
 .rela.text.z_impl_log_process
                0x0000000000000000        0x0 app/libapp.a(main.c.obj)
 .rela.text.z_impl_log_panic
                0x0000000000000000        0x0 app/libapp.a(main.c.obj)
 .rela.text.log_process_thread_func
                0x0000000000000000        0x0 app/libapp.a(main.c.obj)
 .rela.text.log_source_name_get
                0x0000000000000000        0x0 app/libapp.a(main.c.obj)
 .rela.text.log_backend_enable
                0x0000000000000000        0x0 app/libapp.a(main.c.obj)
 .rela.text.log_msg_get_source_id
                0x0000000000000000        0x0 app/libapp.a(main.c.obj)
 .rela.text.AccessParam
                0x0000000000000000        0x0 app/libapp.a(main.c.obj)
 .rela.text.FlashParamInit
                0x0000000000000000        0x0 app/libapp.a(main.c.obj)
 .rela.exception.entry._isr_wrapper
                0x0000000000000000        0x0 app/libapp.a(main.c.obj)
 .rela.text.arch_tls_stack_setup
                0x0000000000000000        0x0 app/libapp.a(main.c.obj)
 .rela.text.walk_stackframe
                0x0000000000000000        0x0 app/libapp.a(main.c.obj)
 .rela.text.malloc_prepare
                0x0000000000000000        0x0 app/libapp.a(main.c.obj)
 .rela.text.usbd_pre_init
                0x0000000000000000        0x0 app/libapp.a(main.c.obj)
 .rela.text.usbd_class_node_get
                0x0000000000000000        0x0 app/libapp.a(main.c.obj)
 .rela.text.usbd_register_all_classes
                0x0000000000000000        0x0 app/libapp.a(main.c.obj)
 .rela.text.net_buf_destroy
                0x0000000000000000        0x0 app/libapp.a(main.c.obj)
 .rela.text.net_buf_pool_get
                0x0000000000000000        0x0 app/libapp.a(main.c.obj)
 .rela.text.net_buf_id
                0x0000000000000000        0x0 app/libapp.a(main.c.obj)
 .rela.text.fixed_data_alloc
                0x0000000000000000        0x0 app/libapp.a(main.c.obj)
 .rela.text.net_buf_alloc_len
                0x0000000000000000        0x0 app/libapp.a(main.c.obj)
 .rela.text.net_buf_unref
                0x0000000000000000        0x0 app/libapp.a(main.c.obj)
 .rela.text.bg_thread_main
                0x0000000000000000        0x0 app/libapp.a(main.c.obj)
 .rela.text.z_bss_zero
                0x0000000000000000        0x0 app/libapp.a(main.c.obj)
 .rela.rodata.levels.0
                0x0000000000000000        0x0 app/libapp.a(main.c.obj)
 .rela.text.statics_init
                0x0000000000000000        0x0 app/libapp.a(main.c.obj)
 .rela.text.init_mem_slab_obj_core_list
                0x0000000000000000        0x0 app/libapp.a(main.c.obj)
 .rela.text.z_data_copy
                0x0000000000000000        0x0 app/libapp.a(main.c.obj)

.plt
 *(SORT_BY_ALIGNMENT(.plt))

.iplt
 *(SORT_BY_ALIGNMENT(.iplt))
                0x0000000000000000                __rom_region_start = 0x0

rom_start       0x0000000000000000       0x18
                0x0000000000000000                . = ALIGN (0x10)
                0x0000000000000000                __rom_start_address = .
 FILL mask 0x00
                0x0000000000000000                . = (. + (0x0 - (. - __rom_start_address)))
                0x0000000000000000                . = ALIGN (0x4)
 *(SORT_BY_ALIGNMENT(.vectors.*))
 .vectors.__start
                0x0000000000000000       0x18 zephyr/libzephyr.a(vector.S.obj)
                0x0000000000000000                __start

reset           0x0000000000000018        0x4
 *(SORT_BY_ALIGNMENT(.reset.*))
 .reset.__reset
                0x0000000000000018        0x4 zephyr/arch/arch/riscv/core/libarch__riscv__core.a(reset.S.obj)
                0x0000000000000018                __reset

exceptions      0x000000000000001c      0x152
 *(SORT_BY_ALIGNMENT(.exception.entry.*))
 .exception.entry._isr_wrapper
                0x000000000000001c      0x142 zephyr/arch/arch/riscv/core/libarch__riscv__core.a(isr.S.obj)
                0x000000000000001c                _isr_wrapper
                0x0000000000000120                z_riscv_thread_start
 *(SORT_BY_ALIGNMENT(.exception.other.*))
 *fill*         0x000000000000015e        0x2 
 .exception.other.__soc_handle_irq
                0x0000000000000160        0xe zephyr/libzephyr.a(soc_irq.S.obj)
                0x0000000000000160                __soc_handle_irq

text            0x0000000000000170     0xda4e
                0x0000000000000170                . = ALIGN (0x4)
 *(SORT_BY_ALIGNMENT(.openocd_debug))
 *(SORT_BY_ALIGNMENT(.openocd_debug.*))
                0x0000000000000170                __text_region_start = .
 *(SORT_BY_ALIGNMENT(.text))
 .text          0x0000000000000170       0x4c /home/davit/zephyr-sdk-0.16.8/riscv64-zephyr-elf/bin/../lib/gcc/riscv64-zephyr-elf/12.2.0/libgcc.a(_clzsi2.o)
                0x0000000000000170                __clzsi2
 .text          0x00000000000001bc       0x50 /home/davit/zephyr-sdk-0.16.8/riscv64-zephyr-elf/bin/../lib/gcc/riscv64-zephyr-elf/12.2.0/libgcc.a(_ctzsi2.o)
                0x00000000000001bc                __ctzsi2
 .text          0x000000000000020c      0x430 /home/davit/zephyr-sdk-0.16.8/riscv64-zephyr-elf/bin/../lib/gcc/riscv64-zephyr-elf/12.2.0/libgcc.a(_udivdi3.o)
                0x000000000000020c                __udivdi3
 *(SORT_BY_ALIGNMENT(.text.*))
 .text.__initialize
                0x000000000000063c       0x2a zephyr/arch/arch/riscv/core/libarch__riscv__core.a(reset.S.obj)
                0x000000000000063c                __initialize
 *fill*         0x0000000000000666        0x2 
 .text.z_riscv_switch
                0x0000000000000668       0x72 zephyr/arch/arch/riscv/core/libarch__riscv__core.a(switch.S.obj)
                0x0000000000000668                z_riscv_switch
 *fill*         0x00000000000006da        0x2 
 .text.memcmp   0x00000000000006dc       0x30 /home/davit/zephyr-sdk-0.16.8/riscv64-zephyr-elf/bin/../lib/gcc/../../picolibc/riscv64-zephyr-elf/lib/./libc.a(libc_string_memcmp.c.o)
                0x00000000000006dc                memcmp
 .text.strnlen  0x000000000000070c       0x24 /home/davit/zephyr-sdk-0.16.8/riscv64-zephyr-elf/bin/../lib/gcc/../../picolibc/riscv64-zephyr-elf/lib/./libc.a(libc_string_strnlen.c.o)
                0x000000000000070c                strnlen
 .text.snprintf
                0x0000000000000730       0xb8 /home/davit/zephyr-sdk-0.16.8/riscv64-zephyr-elf/bin/../lib/gcc/../../picolibc/riscv64-zephyr-elf/lib/./libc.a(libc_tinystdio_snprintf.c.o)
                0x0000000000000730                snprintf
 .text.__ultoa_invert
                0x00000000000007e8      0x160 /home/davit/zephyr-sdk-0.16.8/riscv64-zephyr-elf/bin/../lib/gcc/../../picolibc/riscv64-zephyr-elf/lib/./libc.a(libc_tinystdio_vflprintf.c.o)
 .text.__l_vfprintf
                0x0000000000000948      0x6f0 /home/davit/zephyr-sdk-0.16.8/riscv64-zephyr-elf/bin/../lib/gcc/../../picolibc/riscv64-zephyr-elf/lib/./libc.a(libc_tinystdio_vflprintf.c.o)
                0x0000000000000948                __l_vfprintf
 .text.strlen   0x0000000000001038       0x1c /home/davit/zephyr-sdk-0.16.8/riscv64-zephyr-elf/bin/../lib/gcc/../../picolibc/riscv64-zephyr-elf/lib/./libc.a(strlen.c.o)
                0x0000000000001038                strlen
 .text.__file_str_put
                0x0000000000001054       0x1c /home/davit/zephyr-sdk-0.16.8/riscv64-zephyr-elf/bin/../lib/gcc/../../picolibc/riscv64-zephyr-elf/lib/./libc.a(libc_tinystdio_filestrput.c.o)
                0x0000000000001054                __file_str_put
 .text._OffsetAbsSyms
                0x0000000000001070        0x2 zephyr/CMakeFiles/offsets.dir/./arch/riscv/core/offsets/offsets.c.obj
                0x0000000000001070                _OffsetAbsSyms
 .text.main     0x0000000000001072       0x62 app/libapp.a(main.c.obj)
                0x0000000000001072                main
 .text.led_cur_cfg_Hndlr
                0x00000000000010d4       0x28 app/libapp.a(CmdParamTab.c.obj)
                0x00000000000010d4                led_cur_cfg_Hndlr
 .text.led_ui_cfg_Hndlr
                0x00000000000010fc       0x2c app/libapp.a(CmdParamTab.c.obj)
                0x00000000000010fc                led_ui_cfg_Hndlr
 .text.eui64_Hndlr
                0x0000000000001128       0x20 app/libapp.a(CmdParamTab.c.obj)
                0x0000000000001128                eui64_Hndlr
 .text.pwm_set_pulse_dt.isra.0
                0x0000000000001148       0xbe app/libapp.a(led_ui.c.obj)
 .text.k_mutex_unlock.isra.0
                0x0000000000001206        0x4 app/libapp.a(led_ui.c.obj)
 .text.refresh_work_handler
                0x000000000000120a      0x1b6 app/libapp.a(led_ui.c.obj)
 .text.led_ui_configure
                0x00000000000013c0       0x2c app/libapp.a(led_ui.c.obj)
                0x00000000000013c0                led_ui_configure
 .text.led_ui_blink_set_unlocked
                0x00000000000013ec       0x42 app/libapp.a(led_ui.c.obj)
                0x00000000000013ec                led_ui_blink_set_unlocked
 .text.led_ui_blinks_set
                0x000000000000142e       0x32 app/libapp.a(led_ui.c.obj)
                0x000000000000142e                led_ui_blinks_set
 .text.led_ui_init
                0x0000000000001460       0x3c app/libapp.a(led_ui.c.obj)
                0x0000000000001460                led_ui_init
 .text.usbd_init_device
                0x000000000000149c      0x12a app/libapp.a(usbd_init.c.obj)
                0x000000000000149c                usbd_init_device
 .text.crc32_ieee_update
                0x00000000000015c6       0x48 zephyr/libzephyr.a(crc32_sw.c.obj)
                0x00000000000015c6                crc32_ieee_update
 .text.crc32_ieee
                0x000000000000160e        0x8 zephyr/libzephyr.a(crc32_sw.c.obj)
                0x000000000000160e                crc32_ieee
 .text.crc8_ccitt
                0x0000000000001616       0x40 zephyr/libzephyr.a(crc8_sw.c.obj)
                0x0000000000001616                crc8_ccitt
 .text.chunk_size
                0x0000000000001656        0xc zephyr/libzephyr.a(heap.c.obj)
 .text.free_list_add
                0x0000000000001662       0x7c zephyr/libzephyr.a(heap.c.obj)
 .text.free_list_remove_bidx
                0x00000000000016de       0x4a zephyr/libzephyr.a(heap.c.obj)
 .text.free_list_remove
                0x0000000000001728       0x24 zephyr/libzephyr.a(heap.c.obj)
 .text.alloc_chunk
                0x000000000000174c       0x9e zephyr/libzephyr.a(heap.c.obj)
 .text.merge_chunks
                0x00000000000017ea       0x48 zephyr/libzephyr.a(heap.c.obj)
 .text.split_chunks
                0x0000000000001832       0x5a zephyr/libzephyr.a(heap.c.obj)
 .text.free_chunk
                0x000000000000188c       0x7a zephyr/libzephyr.a(heap.c.obj)
 .text.sys_heap_free
                0x0000000000001906       0x1e zephyr/libzephyr.a(heap.c.obj)
                0x0000000000001906                sys_heap_free
 .text.sys_heap_alloc
                0x0000000000001924       0x6e zephyr/libzephyr.a(heap.c.obj)
                0x0000000000001924                sys_heap_alloc
 .text.sys_heap_aligned_alloc
                0x0000000000001992       0xfa zephyr/libzephyr.a(heap.c.obj)
                0x0000000000001992                sys_heap_aligned_alloc
 .text.sys_heap_init
                0x0000000000001a8c       0xa4 zephyr/libzephyr.a(heap.c.obj)
                0x0000000000001a8c                sys_heap_init
 .text.cbvprintf_package
                0x0000000000001b30      0x424 zephyr/libzephyr.a(cbprintf_packaged.c.obj)
                0x0000000000001b30                cbvprintf_package
 .text.cbpprintf_external
                0x0000000000001f54       0x9a zephyr/libzephyr.a(cbprintf_packaged.c.obj)
                0x0000000000001f54                cbpprintf_external
 .text.is_ptr   0x0000000000001fee       0x5e zephyr/libzephyr.a(cbprintf_packaged.c.obj)
                0x0000000000001fee                is_ptr
 .text.cbprintf_package_convert
                0x000000000000204c      0x460 zephyr/libzephyr.a(cbprintf_packaged.c.obj)
                0x000000000000204c                cbprintf_package_convert
 .text.arch_printk_char_out
                0x00000000000024ac        0x4 zephyr/libzephyr.a(printk.c.obj)
                0x00000000000024ac                arch_printk_char_out
 .text.__printk_hook_install
                0x00000000000024b0        0xa zephyr/libzephyr.a(printk.c.obj)
                0x00000000000024b0                __printk_hook_install
 .text.printk   0x00000000000024ba       0x20 zephyr/libzephyr.a(printk.c.obj)
                0x00000000000024ba                printk
 .text.z_thread_entry
                0x00000000000024da       0x2a zephyr/libzephyr.a(thread_entry.c.obj)
                0x00000000000024da                z_thread_entry
 .text.free_space
                0x0000000000002504       0x26 zephyr/libzephyr.a(mpsc_pbuf.c.obj)
 .text.get_usage
                0x000000000000252a       0x28 zephyr/libzephyr.a(mpsc_pbuf.c.obj)
 .text.idx_inc  0x0000000000002552       0x1c zephyr/libzephyr.a(mpsc_pbuf.c.obj)
 .text.rd_idx_inc
                0x000000000000256e       0x1e zephyr/libzephyr.a(mpsc_pbuf.c.obj)
 .text.add_skip_item
                0x000000000000258c       0x44 zephyr/libzephyr.a(mpsc_pbuf.c.obj)
 .text.drop_item_locked
                0x00000000000025d0       0xf4 zephyr/libzephyr.a(mpsc_pbuf.c.obj)
 .text.post_drop_action
                0x00000000000026c4       0x48 zephyr/libzephyr.a(mpsc_pbuf.c.obj)
 .text.max_utilization_update
                0x000000000000270c       0x2a zephyr/libzephyr.a(mpsc_pbuf.c.obj)
 .text.mpsc_pbuf_init
                0x0000000000002736       0x4e zephyr/libzephyr.a(mpsc_pbuf.c.obj)
                0x0000000000002736                mpsc_pbuf_init
 .text.mpsc_pbuf_alloc
                0x0000000000002784       0xfc zephyr/libzephyr.a(mpsc_pbuf.c.obj)
                0x0000000000002784                mpsc_pbuf_alloc
 .text.mpsc_pbuf_commit
                0x0000000000002880       0x42 zephyr/libzephyr.a(mpsc_pbuf.c.obj)
                0x0000000000002880                mpsc_pbuf_commit
 .text.mpsc_pbuf_claim
                0x00000000000028c2       0xa8 zephyr/libzephyr.a(mpsc_pbuf.c.obj)
                0x00000000000028c2                mpsc_pbuf_claim
 .text.mpsc_pbuf_free
                0x000000000000296a       0x7c zephyr/libzephyr.a(mpsc_pbuf.c.obj)
                0x000000000000296a                mpsc_pbuf_free
 .text.mpsc_pbuf_is_pending
                0x00000000000029e6       0x26 zephyr/libzephyr.a(mpsc_pbuf.c.obj)
                0x00000000000029e6                mpsc_pbuf_is_pending
 .text.sys_reboot
                0x0000000000002a0c       0x1c zephyr/libzephyr.a(reboot.c.obj)
                0x0000000000002a0c                sys_reboot
 .text.ring_buf_put_claim
                0x0000000000002a28       0x44 zephyr/libzephyr.a(ring_buffer.c.obj)
                0x0000000000002a28                ring_buf_put_claim
 .text.ring_buf_put_finish
                0x0000000000002a6c       0x28 zephyr/libzephyr.a(ring_buffer.c.obj)
                0x0000000000002a6c                ring_buf_put_finish
 .text.ring_buf_put
                0x0000000000002a94       0x4c zephyr/libzephyr.a(ring_buffer.c.obj)
                0x0000000000002a94                ring_buf_put
 .text.ring_buf_get_claim
                0x0000000000002ae0       0x40 zephyr/libzephyr.a(ring_buffer.c.obj)
                0x0000000000002ae0                ring_buf_get_claim
 .text.ring_buf_get_finish
                0x0000000000002b20       0x28 zephyr/libzephyr.a(ring_buffer.c.obj)
                0x0000000000002b20                ring_buf_get_finish
 .text.ring_buf_get
                0x0000000000002b48       0x52 zephyr/libzephyr.a(ring_buffer.c.obj)
                0x0000000000002b48                ring_buf_get
 .text._ConfigAbsSyms
                0x0000000000002b9a        0x2 zephyr/libzephyr.a(configs.c.obj)
                0x0000000000002b9a                _ConfigAbsSyms
 .text.nvs_flash_rd
                0x0000000000002b9c       0x1e zephyr/libzephyr.a(nvs.c.obj)
 .text.nvs_flash_cmp_const
                0x0000000000002bba       0x6e zephyr/libzephyr.a(nvs.c.obj)
 .text.nvs_sector_advance
                0x0000000000002c28       0x1c zephyr/libzephyr.a(nvs.c.obj)
 .text.z_log_msg_simple_create_0
                0x0000000000002c44        0x4 zephyr/libzephyr.a(nvs.c.obj)
 .text.nvs_flash_erase_sector
                0x0000000000002c48       0x46 zephyr/libzephyr.a(nvs.c.obj)
 .text.nvs_ate_crc8_update
                0x0000000000002c8e       0x20 zephyr/libzephyr.a(nvs.c.obj)
 .text.nvs_al_size.isra.0
                0x0000000000002cae       0x1e zephyr/libzephyr.a(nvs.c.obj)
 .text.nvs_ate_valid
                0x0000000000002ccc       0x6a zephyr/libzephyr.a(nvs.c.obj)
 .text.nvs_recover_last_ate
                0x0000000000002d36       0x72 zephyr/libzephyr.a(nvs.c.obj)
 .text.nvs_close_ate_valid
                0x0000000000002da8       0x5e zephyr/libzephyr.a(nvs.c.obj)
 .text.nvs_prev_ate
                0x0000000000002e06       0xb2 zephyr/libzephyr.a(nvs.c.obj)
 .text.nvs_flash_al_wrt
                0x0000000000002eb8       0x92 zephyr/libzephyr.a(nvs.c.obj)
 .text.nvs_flash_ate_wrt
                0x0000000000002f4a       0x2c zephyr/libzephyr.a(nvs.c.obj)
 .text.nvs_add_gc_done_ate
                0x0000000000002f76       0x2e zephyr/libzephyr.a(nvs.c.obj)
 .text.nvs_sector_close
                0x0000000000002fa4       0x5c zephyr/libzephyr.a(nvs.c.obj)
 .text.nvs_gc   0x0000000000003000      0x1a2 zephyr/libzephyr.a(nvs.c.obj)
 .text.nvs_mount
                0x00000000000031a2      0x38a zephyr/libzephyr.a(nvs.c.obj)
                0x00000000000031a2                nvs_mount
 .text.nvs_write
                0x000000000000352c      0x1be zephyr/libzephyr.a(nvs.c.obj)
                0x000000000000352c                nvs_write
 .text.nvs_delete
                0x00000000000036ea        0x6 zephyr/libzephyr.a(nvs.c.obj)
                0x00000000000036ea                nvs_delete
 .text.nvs_read_hist
                0x00000000000036f0       0xdc zephyr/libzephyr.a(nvs.c.obj)
                0x00000000000036f0                nvs_read_hist
 .text.nvs_read
                0x00000000000037cc        0x4 zephyr/libzephyr.a(nvs.c.obj)
                0x00000000000037cc                nvs_read
 .text.log_msg_generic_get_wlen
                0x00000000000037d0       0x22 zephyr/libzephyr.a(log_core.c.obj)
 .text.dummy_timestamp
                0x00000000000037f2        0x4 zephyr/libzephyr.a(log_core.c.obj)
 .text.activate_foreach_backend
                0x00000000000037f6       0x78 zephyr/libzephyr.a(log_core.c.obj)
 .text.atomic_inc
                0x000000000000386e        0x6 zephyr/libzephyr.a(log_core.c.obj)
 .text.enable_logger
                0x0000000000003874       0x62 zephyr/libzephyr.a(log_core.c.obj)
 .text.default_lf_get_timestamp
                0x00000000000038d6       0x14 zephyr/libzephyr.a(log_core.c.obj)
 .text.log_process_thread_timer_expiry_fn
                0x00000000000038ea        0x8 zephyr/libzephyr.a(log_core.c.obj)
 .text.z_log_init
                0x00000000000038f2       0x9e zephyr/libzephyr.a(log_core.c.obj)
 .text.log_format_func_t_get
                0x0000000000003990        0xe zephyr/libzephyr.a(log_core.c.obj)
                0x0000000000003990                log_format_func_t_get
 .text.z_log_vprintk
                0x000000000000399e       0x12 zephyr/libzephyr.a(log_core.c.obj)
                0x000000000000399e                z_log_vprintk
 .text.log_set_timestamp_func
                0x00000000000039b0       0x22 zephyr/libzephyr.a(log_core.c.obj)
                0x00000000000039b0                log_set_timestamp_func
 .text.z_log_notify_backend_enabled
                0x00000000000039d2       0x26 zephyr/libzephyr.a(log_core.c.obj)
                0x00000000000039d2                z_log_notify_backend_enabled
 .text.z_log_dropped
                0x00000000000039f8       0x3c zephyr/libzephyr.a(log_core.c.obj)
                0x00000000000039f8                z_log_dropped
 .text.z_log_notify_drop
                0x0000000000003a34        0x4 zephyr/libzephyr.a(log_core.c.obj)
 .text.z_log_dropped_read_and_clear
                0x0000000000003a38        0xe zephyr/libzephyr.a(log_core.c.obj)
                0x0000000000003a38                z_log_dropped_read_and_clear
 .text.dropped_notify
                0x0000000000003a46       0x42 zephyr/libzephyr.a(log_core.c.obj)
                0x0000000000003a46                dropped_notify
 .text.z_log_msg_init
                0x0000000000003a88       0x2c zephyr/libzephyr.a(log_core.c.obj)
                0x0000000000003a88                z_log_msg_init
 .text.log_core_init
                0x0000000000003ab4       0x2e zephyr/libzephyr.a(log_core.c.obj)
                0x0000000000003ab4                log_core_init
 .text.z_log_msg_alloc
                0x0000000000003ae2       0x12 zephyr/libzephyr.a(log_core.c.obj)
                0x0000000000003ae2                z_log_msg_alloc
 .text.z_log_msg_local_claim
                0x0000000000003af4        0xc zephyr/libzephyr.a(log_core.c.obj)
                0x0000000000003af4                z_log_msg_local_claim
 .text.z_log_msg_free
                0x0000000000003b00        0xe zephyr/libzephyr.a(log_core.c.obj)
                0x0000000000003b00                z_log_msg_free
 .text.z_log_msg_pending
                0x0000000000003b0e        0xc zephyr/libzephyr.a(log_core.c.obj)
                0x0000000000003b0e                z_log_msg_pending
 .text.z_impl_log_process
                0x0000000000003b1a       0xc0 zephyr/libzephyr.a(log_core.c.obj)
                0x0000000000003b1a                z_impl_log_process
 .text.z_impl_log_panic
                0x0000000000003bda       0x56 zephyr/libzephyr.a(log_core.c.obj)
                0x0000000000003bda                z_impl_log_panic
 .text.log_process_thread_func
                0x0000000000003c30       0x9e zephyr/libzephyr.a(log_core.c.obj)
 .text.z_log_msg_post_finalize
                0x0000000000003cce       0x78 zephyr/libzephyr.a(log_core.c.obj)
 .text.z_log_msg_commit
                0x0000000000003d46       0x26 zephyr/libzephyr.a(log_core.c.obj)
                0x0000000000003d46                z_log_msg_commit
 .text.z_log_get_tag
                0x0000000000003d6c        0x4 zephyr/libzephyr.a(log_core.c.obj)
                0x0000000000003d6c                z_log_get_tag
 .text.log_source_name_get
                0x0000000000003d70       0x1e zephyr/libzephyr.a(log_mgmt.c.obj)
                0x0000000000003d70                log_source_name_get
 .text.log_backend_enable
                0x0000000000003d8e       0x2a zephyr/libzephyr.a(log_mgmt.c.obj)
                0x0000000000003d8e                log_backend_enable
 .text.z_cbprintf_cpy
                0x0000000000003db8       0x3a zephyr/libzephyr.a(log_msg.c.obj)
 .text.z_log_msg_finalize
                0x0000000000003df2       0x40 zephyr/libzephyr.a(log_msg.c.obj)
                0x0000000000003df2                z_log_msg_finalize
 .text.z_log_msg_simple_create
                0x0000000000003e32       0x7e zephyr/libzephyr.a(log_msg.c.obj)
 .text.z_impl_z_log_msg_simple_create_0
                0x0000000000003eb0       0x12 zephyr/libzephyr.a(log_msg.c.obj)
                0x0000000000003eb0                z_impl_z_log_msg_simple_create_0
 .text.z_impl_z_log_msg_simple_create_1
                0x0000000000003ec2       0x14 zephyr/libzephyr.a(log_msg.c.obj)
                0x0000000000003ec2                z_impl_z_log_msg_simple_create_1
 .text.z_impl_z_log_msg_simple_create_2
                0x0000000000003ed6       0x16 zephyr/libzephyr.a(log_msg.c.obj)
                0x0000000000003ed6                z_impl_z_log_msg_simple_create_2
 .text.z_impl_z_log_msg_static_create
                0x0000000000003eec      0x14e zephyr/libzephyr.a(log_msg.c.obj)
                0x0000000000003eec                z_impl_z_log_msg_static_create
 .text.z_log_msg_runtime_vcreate
                0x000000000000403a       0xcc zephyr/libzephyr.a(log_msg.c.obj)
                0x000000000000403a                z_log_msg_runtime_vcreate
 .text.log_msg_get_source_id
                0x0000000000004106       0x18 zephyr/libzephyr.a(log_msg.c.obj)
                0x0000000000004106                log_msg_get_source_id
 .text.buffer_write
                0x000000000000411e       0x32 zephyr/libzephyr.a(log_output.c.obj)
 .text.print_formatted
                0x0000000000004150       0x28 zephyr/libzephyr.a(log_output.c.obj)
 .text.newline_print
                0x0000000000004178       0x1e zephyr/libzephyr.a(log_output.c.obj)
 .text.log_output_flush
                0x0000000000004196       0x22 zephyr/libzephyr.a(log_output.c.obj)
                0x0000000000004196                log_output_flush
 .text.out_func
                0x00000000000041b8       0x36 zephyr/libzephyr.a(log_output.c.obj)
 .text.cr_out_func
                0x00000000000041ee       0x28 zephyr/libzephyr.a(log_output.c.obj)
 .text.log_output_process
                0x0000000000004216      0x2d8 zephyr/libzephyr.a(log_output.c.obj)
                0x0000000000004216                log_output_process
 .text.log_output_msg_process
                0x00000000000044ee       0x7c zephyr/libzephyr.a(log_output.c.obj)
                0x00000000000044ee                log_output_msg_process
 .text.log_output_dropped_process
                0x000000000000456a       0x6a zephyr/libzephyr.a(log_output.c.obj)
                0x000000000000456a                log_output_dropped_process
 .text.log_output_timestamp_freq_set
                0x00000000000045d4       0x2e zephyr/libzephyr.a(log_output.c.obj)
                0x00000000000045d4                log_output_timestamp_freq_set
 .text.format_set
                0x0000000000004602        0xc zephyr/libzephyr.a(log_backend_uart.c.obj)
 .text.log_backend_uart_init
                0x000000000000460e        0xc zephyr/libzephyr.a(log_backend_uart.c.obj)
 .text.panic    0x000000000000461a       0x12 zephyr/libzephyr.a(log_backend_uart.c.obj)
 .text.dropped  0x000000000000462c        0xa zephyr/libzephyr.a(log_backend_uart.c.obj)
 .text.process  0x0000000000004636       0x24 zephyr/libzephyr.a(log_backend_uart.c.obj)
 .text.char_out
                0x000000000000465a       0x40 zephyr/libzephyr.a(log_backend_uart.c.obj)
 .text.sys_trace_idle
                0x000000000000469a        0x2 zephyr/libzephyr.a(tracing_none.c.obj)
                0x000000000000469a                sys_trace_idle
 .text.z_impl_flash_flatten
                0x000000000000469c       0x36 zephyr/libzephyr.a(flash_util.c.obj)
                0x000000000000469c                z_impl_flash_flatten
 .text.MsgHandler
                0x00000000000046d2       0x2c zephyr/libzephyr.a(command.c.obj)
                0x00000000000046d2                MsgHandler
 .text.GetParamById
                0x00000000000046fe       0x1c zephyr/libzephyr.a(CmdParamParser.c.obj)
                0x00000000000046fe                GetParamById
 .text.ParseData
                0x000000000000471a      0x1d2 zephyr/libzephyr.a(CmdParamParser.c.obj)
                0x000000000000471a                ParseData
 .text.AccessParam
                0x00000000000048ec       0xb8 zephyr/libzephyr.a(builtin_commands.c.obj)
 .text.reset_work_handler
                0x00000000000049a4        0xa zephyr/libzephyr.a(builtin_commands.c.obj)
 .text.CmdGetParam
                0x00000000000049ae       0x24 zephyr/libzephyr.a(builtin_commands.c.obj)
                0x00000000000049ae                CmdGetParam
 .text.CmdSetParam
                0x00000000000049d2        0xc zephyr/libzephyr.a(builtin_commands.c.obj)
                0x00000000000049d2                CmdSetParam
 .text.CmdSetStoreParam
                0x00000000000049de       0x18 zephyr/libzephyr.a(builtin_commands.c.obj)
                0x00000000000049de                CmdSetStoreParam
 .text.CmdResetParam
                0x00000000000049f6       0x10 zephyr/libzephyr.a(builtin_commands.c.obj)
                0x00000000000049f6                CmdResetParam
 .text.CmdResetStoreParam
                0x0000000000004a06       0x18 zephyr/libzephyr.a(builtin_commands.c.obj)
                0x0000000000004a06                CmdResetStoreParam
 .text.CmdReset
                0x0000000000004a1e       0x1e zephyr/libzephyr.a(builtin_commands.c.obj)
                0x0000000000004a1e                CmdReset
 .text.prmStatusFlgs_Hndlr
                0x0000000000004a3c       0x40 zephyr/libzephyr.a(builtin_commands.c.obj)
                0x0000000000004a3c                prmStatusFlgs_Hndlr
 .text.prmStatus_Hndlr
                0x0000000000004a7c       0x4e zephyr/libzephyr.a(builtin_commands.c.obj)
                0x0000000000004a7c                prmStatus_Hndlr
 .text.prmRingbufGet
                0x0000000000004aca       0x64 zephyr/libzephyr.a(builtin_commands.c.obj)
                0x0000000000004aca                prmRingbufGet
 .text.CmdLogBackendVcpEnable
                0x0000000000004b2e       0x1a zephyr/libzephyr.a(builtin_commands.c.obj)
                0x0000000000004b2e                CmdLogBackendVcpEnable
 .text.StateMgrClrStatusFlgs
                0x0000000000004b48       0x22 zephyr/libzephyr.a(statemgr.c.obj)
                0x0000000000004b48                StateMgrClrStatusFlgs
 .text.StateMgrGetStatusFlgs
                0x0000000000004b6a        0xa zephyr/libzephyr.a(statemgr.c.obj)
                0x0000000000004b6a                StateMgrGetStatusFlgs
 .text.StateMgrGetStatus
                0x0000000000004b74       0x22 zephyr/libzephyr.a(statemgr.c.obj)
                0x0000000000004b74                StateMgrGetStatus
 .text.StateMgrSetLastErr
                0x0000000000004b96        0xa zephyr/libzephyr.a(statemgr.c.obj)
                0x0000000000004b96                StateMgrSetLastErr
 .text.FlashParamReset
                0x0000000000004ba0       0x20 zephyr/libzephyr.a(flashParam.c.obj)
                0x0000000000004ba0                FlashParamReset
 .text.FlashBlockReset
                0x0000000000004bc0       0x26 zephyr/libzephyr.a(flashParam.c.obj)
                0x0000000000004bc0                FlashBlockReset
 .text.FlashBlockClear
                0x0000000000004be6       0x44 zephyr/libzephyr.a(flashParam.c.obj)
                0x0000000000004be6                FlashBlockClear
 .text.FlashParamLoadFromFlash
                0x0000000000004c2a       0x22 zephyr/libzephyr.a(flashParam.c.obj)
                0x0000000000004c2a                FlashParamLoadFromFlash
 .text.FlashBlockLoadFromFlash
                0x0000000000004c4c       0x26 zephyr/libzephyr.a(flashParam.c.obj)
                0x0000000000004c4c                FlashBlockLoadFromFlash
 .text.FlashParamStoreToFlash
                0x0000000000004c72       0x22 zephyr/libzephyr.a(flashParam.c.obj)
                0x0000000000004c72                FlashParamStoreToFlash
 .text.FlashParamInit
                0x0000000000004c94      0x144 zephyr/libzephyr.a(flashParam.c.obj)
                0x0000000000004c94                FlashParamInit
 .text.format_set
                0x0000000000004dd8        0xc zephyr/libzephyr.a(log_backend_vcp.c.obj)
 .text.backend_init
                0x0000000000004de4        0x2 zephyr/libzephyr.a(log_backend_vcp.c.obj)
 .text.panic    0x0000000000004de6        0xc zephyr/libzephyr.a(log_backend_vcp.c.obj)
 .text.backend_ready
                0x0000000000004df2        0x4 zephyr/libzephyr.a(log_backend_vcp.c.obj)
 .text.line_out
                0x0000000000004df6       0x22 zephyr/libzephyr.a(log_backend_vcp.c.obj)
 .text.process  0x0000000000004e18       0x36 zephyr/libzephyr.a(log_backend_vcp.c.obj)
 .text.log_backend_vcp_enable
                0x0000000000004e4e       0x14 zephyr/libzephyr.a(log_backend_vcp.c.obj)
                0x0000000000004e4e                log_backend_vcp_enable
 .text.k_sem_give
                0x0000000000004e62        0x4 zephyr/libzephyr.a(vcp_transport.c.obj)
 .text.TransportUpdatedCB
                0x0000000000004e66        0x6 zephyr/libzephyr.a(vcp_transport.c.obj)
 .text.k_sem_take
                0x0000000000004e6c        0x4 zephyr/libzephyr.a(vcp_transport.c.obj)
 .text.SendMsg  0x0000000000004e70       0x7e zephyr/libzephyr.a(vcp_transport.c.obj)
 .text.k_mutex_unlock.isra.0
                0x0000000000004eee        0x4 zephyr/libzephyr.a(vcp_transport.c.obj)
 .text.GetMsg   0x0000000000004ef2      0x394 zephyr/libzephyr.a(vcp_transport.c.obj)
 .text.TransportInit
                0x0000000000005286       0x20 zephyr/libzephyr.a(vcp_transport.c.obj)
                0x0000000000005286                TransportInit
 .text.TransportLinkInit
                0x00000000000052a6       0x2e zephyr/libzephyr.a(vcp_transport.c.obj)
                0x00000000000052a6                TransportLinkInit
 .text.vcp_transport_init
                0x00000000000052d4       0x26 zephyr/libzephyr.a(vcp_transport.c.obj)
 .text.TransportStart
                0x00000000000052fa       0x64 zephyr/libzephyr.a(vcp_transport.c.obj)
                0x00000000000052fa                TransportStart
 .text.FillMsg  0x000000000000535e      0x1d2 zephyr/libzephyr.a(vcp_transport.c.obj)
                0x000000000000535e                FillMsg
 .text.TransportMasterResetHndlrData
                0x0000000000005530       0x2c zephyr/libzephyr.a(vcp_transport.c.obj)
                0x0000000000005530                TransportMasterResetHndlrData
 .text.TransportFillErrorRespMessage
                0x000000000000555c       0x12 zephyr/libzephyr.a(vcp_transport.c.obj)
                0x000000000000555c                TransportFillErrorRespMessage
 .text.TransportMasterReqResp
                0x000000000000556e       0xa8 zephyr/libzephyr.a(vcp_transport.c.obj)
                0x000000000000556e                TransportMasterReqResp
 .text.TransportMasterGet
                0x0000000000005616       0x54 zephyr/libzephyr.a(vcp_transport.c.obj)
                0x0000000000005616                TransportMasterGet
 .text.TransportForwardMessage
                0x000000000000566a       0x9e zephyr/libzephyr.a(vcp_transport.c.obj)
                0x000000000000566a                TransportForwardMessage
 .text.TransportThread
                0x0000000000005708      0x152 zephyr/libzephyr.a(vcp_transport.c.obj)
 .text.TransportStartAll
                0x000000000000585a       0x80 zephyr/libzephyr.a(vcp_transport.c.obj)
                0x000000000000585a                TransportStartAll
 .text.UartLinkFlushRx
                0x00000000000058da       0x2e zephyr/libzephyr.a(uart_link.c.obj)
 .text.UartLinkRxTransferStop
                0x0000000000005908        0x2 zephyr/libzephyr.a(uart_link.c.obj)
 .text.UartLinkGetStat
                0x000000000000590a       0x16 zephyr/libzephyr.a(uart_link.c.obj)
 .text.interrupt_handler
                0x0000000000005920       0xce zephyr/libzephyr.a(uart_link.c.obj)
 .text.UartLinkReadRx
                0x00000000000059ee       0x40 zephyr/libzephyr.a(uart_link.c.obj)
 .text.UartLinkRxTransferStart
                0x0000000000005a2e       0x2a zephyr/libzephyr.a(uart_link.c.obj)
 .text.UartLinkTxTransferStart
                0x0000000000005a58       0x3e zephyr/libzephyr.a(uart_link.c.obj)
 .text.UartLinkStart
                0x0000000000005a96       0x76 zephyr/libzephyr.a(uart_link.c.obj)
 .text.UartLinkInit
                0x0000000000005b0c       0x96 zephyr/libzephyr.a(uart_link.c.obj)
 .text.z_log_msg_simple_create_2.constprop.0
                0x0000000000005ba2        0xc zephyr/arch/arch/riscv/core/libarch__riscv__core.a(fatal.c.obj)
 .text.z_riscv_get_sp_before_exc
                0x0000000000005bae        0x6 zephyr/arch/arch/riscv/core/libarch__riscv__core.a(fatal.c.obj)
                0x0000000000005bae                z_riscv_get_sp_before_exc
 .text.z_riscv_fatal_error_csf
                0x0000000000005bb4      0x190 zephyr/arch/arch/riscv/core/libarch__riscv__core.a(fatal.c.obj)
                0x0000000000005bb4                z_riscv_fatal_error_csf
 .text.z_riscv_fatal_error
                0x0000000000005d44        0xa zephyr/arch/arch/riscv/core/libarch__riscv__core.a(fatal.c.obj)
                0x0000000000005d44                z_riscv_fatal_error
 .text._Fault   0x0000000000005d4e       0xac zephyr/arch/arch/riscv/core/libarch__riscv__core.a(fatal.c.obj)
                0x0000000000005d4e                _Fault
 .text.z_irq_spurious
                0x0000000000005dfa       0x26 zephyr/arch/arch/riscv/core/libarch__riscv__core.a(irq_manage.c.obj)
                0x0000000000005dfa                z_irq_spurious
 .text.z_prep_c
                0x0000000000005e20       0x10 zephyr/arch/arch/riscv/core/libarch__riscv__core.a(prep_c.c.obj)
                0x0000000000005e20                z_prep_c
 .text.arch_new_thread
                0x0000000000005e30       0x2e zephyr/arch/arch/riscv/core/libarch__riscv__core.a(thread.c.obj)
                0x0000000000005e30                arch_new_thread
 .text.arch_tls_stack_setup
                0x0000000000005e5e       0x52 zephyr/arch/arch/riscv/core/libarch__riscv__core.a(tls.c.obj)
                0x0000000000005e5e                arch_tls_stack_setup
 .text.in_stack_bound
                0x0000000000005eb0       0x20 zephyr/arch/arch/riscv/core/libarch__riscv__core.a(stacktrace.c.obj)
 .text.walk_stackframe
                0x0000000000005ed0       0xbc zephyr/arch/arch/riscv/core/libarch__riscv__core.a(stacktrace.c.obj)
 .text.in_fatal_stack_bound
                0x0000000000005f8c       0x38 zephyr/arch/arch/riscv/core/libarch__riscv__core.a(stacktrace.c.obj)
 .text.print_trace_address
                0x0000000000005fc4       0x28 zephyr/arch/arch/riscv/core/libarch__riscv__core.a(stacktrace.c.obj)
 .text.z_riscv_unwind_stack
                0x0000000000005fec       0x56 zephyr/arch/arch/riscv/core/libarch__riscv__core.a(stacktrace.c.obj)
                0x0000000000005fec                z_riscv_unwind_stack
 .text.cbputc   0x0000000000006042       0x12 zephyr/lib/libc/picolibc/liblib__libc__picolibc.a(libc-hooks.c.obj)
 .text.z_impl_zephyr_fputc
                0x0000000000006054       0x16 zephyr/lib/libc/picolibc/liblib__libc__picolibc.a(libc-hooks.c.obj)
                0x0000000000006054                z_impl_zephyr_fputc
 .text.picolibc_put
                0x000000000000606a       0x10 zephyr/lib/libc/picolibc/liblib__libc__picolibc.a(libc-hooks.c.obj)
 .text.__stdout_hook_install
                0x000000000000607a       0x1e zephyr/lib/libc/picolibc/liblib__libc__picolibc.a(libc-hooks.c.obj)
                0x000000000000607a                __stdout_hook_install
 .text.cbvprintf
                0x0000000000006098       0x30 zephyr/lib/libc/picolibc/liblib__libc__picolibc.a(libc-hooks.c.obj)
                0x0000000000006098                cbvprintf
 .text.malloc_prepare
                0x00000000000060c8       0x24 zephyr/lib/libc/common/liblib__libc__common.a(malloc.c.obj)
 .text.arch_cpu_idle
                0x00000000000060ec       0x14 zephyr/soc/soc/ch582/libsoc__wch__ch32v.a(cpu_idle.c.obj)
                0x00000000000060ec                arch_cpu_idle
 .text.z_soc_irq_enable
                0x0000000000006100        0x4 zephyr/soc/soc/ch582/libsoc__wch__ch32v.a(irq.c.obj)
                0x0000000000006100                z_soc_irq_enable
 .text.z_soc_irq_disable
                0x0000000000006104        0x4 zephyr/soc/soc/ch582/libsoc__wch__ch32v.a(irq.c.obj)
                0x0000000000006104                z_soc_irq_disable
 .text.z_soc_irq_priority_set
                0x0000000000006108        0x4 zephyr/soc/soc/ch582/libsoc__wch__ch32v.a(irq.c.obj)
                0x0000000000006108                z_soc_irq_priority_set
 .text.sys_arch_reboot
                0x000000000000610c       0x1c zephyr/soc/soc/ch582/libsoc__wch__ch32v.a(soc_common.c.obj)
                0x000000000000610c                sys_arch_reboot
 .text.z_log_msg_simple_create_0
                0x0000000000006128        0x4 zephyr/subsys/usb/device_next/libsubsys__usb__device_next.a(usbd_device.c.obj)
 .text.usbd_device_lock
                0x000000000000612c        0xa zephyr/subsys/usb/device_next/libsubsys__usb__device_next.a(usbd_device.c.obj)
 .text.k_mutex_unlock.isra.0
                0x0000000000006136        0x4 zephyr/subsys/usb/device_next/libsubsys__usb__device_next.a(usbd_device.c.obj)
 .text.usbd_bus_speed
                0x000000000000613a        0x8 zephyr/subsys/usb/device_next/libsubsys__usb__device_next.a(usbd_device.c.obj)
                0x000000000000613a                usbd_bus_speed
 .text.usbd_caps_speed
                0x0000000000006142        0xc zephyr/subsys/usb/device_next/libsubsys__usb__device_next.a(usbd_device.c.obj)
                0x0000000000006142                usbd_caps_speed
 .text.usbd_device_set_code_triple
                0x000000000000614e       0x66 zephyr/subsys/usb/device_next/libsubsys__usb__device_next.a(usbd_device.c.obj)
                0x000000000000614e                usbd_device_set_code_triple
 .text.usbd_is_suspended
                0x00000000000061b4        0x8 zephyr/subsys/usb/device_next/libsubsys__usb__device_next.a(usbd_device.c.obj)
                0x00000000000061b4                usbd_is_suspended
 .text.usbd_init
                0x00000000000061bc       0x8e zephyr/subsys/usb/device_next/libsubsys__usb__device_next.a(usbd_device.c.obj)
                0x00000000000061bc                usbd_init
 .text.usbd_enable
                0x000000000000624a       0x9a zephyr/subsys/usb/device_next/libsubsys__usb__device_next.a(usbd_device.c.obj)
                0x000000000000624a                usbd_enable
 .text.usbd_can_detect_vbus
                0x00000000000062e4        0xe zephyr/subsys/usb/device_next/libsubsys__usb__device_next.a(usbd_device.c.obj)
                0x00000000000062e4                usbd_can_detect_vbus
 .text.usbd_get_descriptor
                0x00000000000062f2       0x3e zephyr/subsys/usb/device_next/libsubsys__usb__device_next.a(usbd_desc.c.obj)
                0x00000000000062f2                usbd_get_descriptor
 .text.usbd_add_descriptor
                0x0000000000006330      0x120 zephyr/subsys/usb/device_next/libsubsys__usb__device_next.a(usbd_desc.c.obj)
                0x0000000000006330                usbd_add_descriptor
 .text.usbd_str_desc_get_idx
                0x0000000000006450        0xe zephyr/subsys/usb/device_next/libsubsys__usb__device_next.a(usbd_desc.c.obj)
                0x0000000000006450                usbd_str_desc_get_idx
 .text.sreq_feature_halt_notify
                0x000000000000645e       0x2c zephyr/subsys/usb/device_next/libsubsys__usb__device_next.a(usbd_ch9.c.obj)
 .text.z_log_msg_simple_create_0
                0x000000000000648a        0x4 zephyr/subsys/usb/device_next/libsubsys__usb__device_next.a(usbd_ch9.c.obj)
 .text.udc_test_mode
                0x000000000000648e       0x64 zephyr/subsys/usb/device_next/libsubsys__usb__device_next.a(usbd_ch9.c.obj)
 .text.udc_set_address
                0x00000000000064f2       0x50 zephyr/subsys/usb/device_next/libsubsys__usb__device_next.a(usbd_ch9.c.obj)
 .text.reqtype_is_to_device.isra.0
                0x0000000000006542        0xc zephyr/subsys/usb/device_next/libsubsys__usb__device_next.a(usbd_ch9.c.obj)
 .text.nonstd_request
                0x000000000000654e       0x8e zephyr/subsys/usb/device_next/libsubsys__usb__device_next.a(usbd_ch9.c.obj)
 .text.sreq_get_desc_cfg
                0x00000000000065dc      0x116 zephyr/subsys/usb/device_next/libsubsys__usb__device_next.a(usbd_ch9.c.obj)
 .text.usbd_handle_ctrl_xfer
                0x00000000000066f2      0x9d4 zephyr/subsys/usb/device_next/libsubsys__usb__device_next.a(usbd_ch9.c.obj)
                0x00000000000066f2                usbd_handle_ctrl_xfer
 .text.usbd_init_control_pipe
                0x00000000000070c6        0xc zephyr/subsys/usb/device_next/libsubsys__usb__device_next.a(usbd_ch9.c.obj)
                0x00000000000070c6                usbd_init_control_pipe
 .text.usbd_event_carrier
                0x00000000000070d2        0xc zephyr/subsys/usb/device_next/libsubsys__usb__device_next.a(usbd_core.c.obj)
 .text.usbd_pre_init
                0x00000000000070de       0x84 zephyr/subsys/usb/device_next/libsubsys__usb__device_next.a(usbd_core.c.obj)
 .text.usbd_class_bcast_event.part.0
                0x0000000000007162       0x7a zephyr/subsys/usb/device_next/libsubsys__usb__device_next.a(usbd_core.c.obj)
 .text.usbd_thread
                0x00000000000071dc      0x206 zephyr/subsys/usb/device_next/libsubsys__usb__device_next.a(usbd_core.c.obj)
 .text.usbd_device_init_core
                0x00000000000073e2       0x4e zephyr/subsys/usb/device_next/libsubsys__usb__device_next.a(usbd_core.c.obj)
                0x00000000000073e2                usbd_device_init_core
 .text.usbd_ep_bm_is_set.isra.0
                0x0000000000007430       0x18 zephyr/subsys/usb/device_next/libsubsys__usb__device_next.a(usbd_init.c.obj)
 .text.unassign_eps.constprop.0
                0x0000000000007448       0xc6 zephyr/subsys/usb/device_next/libsubsys__usb__device_next.a(usbd_init.c.obj)
 .text.init_configuration
                0x000000000000750e      0x20a zephyr/subsys/usb/device_next/libsubsys__usb__device_next.a(usbd_init.c.obj)
 .text.usbd_init_configurations
                0x0000000000007718       0xb0 zephyr/subsys/usb/device_next/libsubsys__usb__device_next.a(usbd_init.c.obj)
                0x0000000000007718                usbd_init_configurations
 .text.z_log_msg_simple_create_0.constprop.0
                0x00000000000077c8        0x8 zephyr/subsys/usb/device_next/libsubsys__usb__device_next.a(usbd_config.c.obj)
 .text.usbd_device_lock
                0x00000000000077d0        0xa zephyr/subsys/usb/device_next/libsubsys__usb__device_next.a(usbd_config.c.obj)
 .text.k_mutex_unlock.isra.0
                0x00000000000077da        0x4 zephyr/subsys/usb/device_next/libsubsys__usb__device_next.a(usbd_config.c.obj)
 .text.usbd_config_get
                0x00000000000077de       0x2c zephyr/subsys/usb/device_next/libsubsys__usb__device_next.a(usbd_config.c.obj)
                0x00000000000077de                usbd_config_get
 .text.usbd_config_get_current
                0x000000000000780a       0x2a zephyr/subsys/usb/device_next/libsubsys__usb__device_next.a(usbd_config.c.obj)
                0x000000000000780a                usbd_config_get_current
 .text.usbd_config_exist
                0x0000000000007834       0x12 zephyr/subsys/usb/device_next/libsubsys__usb__device_next.a(usbd_config.c.obj)
                0x0000000000007834                usbd_config_exist
 .text.usbd_config_set
                0x0000000000007846       0xca zephyr/subsys/usb/device_next/libsubsys__usb__device_next.a(usbd_config.c.obj)
                0x0000000000007846                usbd_config_set
 .text.usbd_add_configuration
                0x0000000000007910      0x1c6 zephyr/subsys/usb/device_next/libsubsys__usb__device_next.a(usbd_config.c.obj)
                0x0000000000007910                usbd_add_configuration
 .text.usbd_device_lock
                0x0000000000007ad6        0xa zephyr/subsys/usb/device_next/libsubsys__usb__device_next.a(usbd_class.c.obj)
 .text.usbd_class_node_get
                0x0000000000007ae0       0xa0 zephyr/subsys/usb/device_next/libsubsys__usb__device_next.a(usbd_class.c.obj)
 .text.usbd_class_desc_len
                0x0000000000007b80       0x2e zephyr/subsys/usb/device_next/libsubsys__usb__device_next.a(usbd_class.c.obj)
                0x0000000000007b80                usbd_class_desc_len
 .text.usbd_class_get_by_config
                0x0000000000007bae       0x2a zephyr/subsys/usb/device_next/libsubsys__usb__device_next.a(usbd_class.c.obj)
                0x0000000000007bae                usbd_class_get_by_config
 .text.usbd_class_get_by_iface
                0x0000000000007bd8       0x2a zephyr/subsys/usb/device_next/libsubsys__usb__device_next.a(usbd_class.c.obj)
                0x0000000000007bd8                usbd_class_get_by_iface
 .text.usbd_class_handle_xfer
                0x0000000000007c02       0x2a zephyr/subsys/usb/device_next/libsubsys__usb__device_next.a(usbd_class.c.obj)
                0x0000000000007c02                usbd_class_handle_xfer
 .text.usbd_class_get_by_ep
                0x0000000000007c2c       0x6a zephyr/subsys/usb/device_next/libsubsys__usb__device_next.a(usbd_class.c.obj)
                0x0000000000007c2c                usbd_class_get_by_ep
 .text.usbd_class_get_by_req
                0x0000000000007c96       0x3e zephyr/subsys/usb/device_next/libsubsys__usb__device_next.a(usbd_class.c.obj)
                0x0000000000007c96                usbd_class_get_by_req
 .text.usbd_register_class
                0x0000000000007cd4       0xc2 zephyr/subsys/usb/device_next/libsubsys__usb__device_next.a(usbd_class.c.obj)
                0x0000000000007cd4                usbd_register_class
 .text.usbd_register_all_classes
                0x0000000000007d96       0xda zephyr/subsys/usb/device_next/libsubsys__usb__device_next.a(usbd_class.c.obj)
                0x0000000000007d96                usbd_register_all_classes
 .text.usbd_interface_modify
                0x0000000000007e70      0x122 zephyr/subsys/usb/device_next/libsubsys__usb__device_next.a(usbd_interface.c.obj)
 .text.usbd_interface_shutdown
                0x0000000000007f92       0x76 zephyr/subsys/usb/device_next/libsubsys__usb__device_next.a(usbd_interface.c.obj)
                0x0000000000007f92                usbd_interface_shutdown
 .text.usbd_interface_default
                0x0000000000008008       0x62 zephyr/subsys/usb/device_next/libsubsys__usb__device_next.a(usbd_interface.c.obj)
                0x0000000000008008                usbd_interface_default
 .text.usbd_interface_set
                0x000000000000806a       0x8e zephyr/subsys/usb/device_next/libsubsys__usb__device_next.a(usbd_interface.c.obj)
                0x000000000000806a                usbd_interface_set
 .text.usbd_ep_bm_clear
                0x00000000000080f8       0x22 zephyr/subsys/usb/device_next/libsubsys__usb__device_next.a(usbd_endpoint.c.obj)
 .text.usbd_ep_enable
                0x000000000000811a       0x54 zephyr/subsys/usb/device_next/libsubsys__usb__device_next.a(usbd_endpoint.c.obj)
                0x000000000000811a                usbd_ep_enable
 .text.usbd_ep_disable
                0x000000000000816e       0x3c zephyr/subsys/usb/device_next/libsubsys__usb__device_next.a(usbd_endpoint.c.obj)
                0x000000000000816e                usbd_ep_disable
 .text.usbd_ep_ctrl_enqueue
                0x00000000000081aa       0x84 zephyr/subsys/usb/device_next/libsubsys__usb__device_next.a(usbd_endpoint.c.obj)
                0x00000000000081aa                usbd_ep_ctrl_enqueue
 .text.usbd_ep_enqueue
                0x000000000000822e       0x54 zephyr/subsys/usb/device_next/libsubsys__usb__device_next.a(usbd_endpoint.c.obj)
                0x000000000000822e                usbd_ep_enqueue
 .text.usbd_ep_buf_free
                0x0000000000008282        0x6 zephyr/subsys/usb/device_next/libsubsys__usb__device_next.a(usbd_endpoint.c.obj)
                0x0000000000008282                usbd_ep_buf_free
 .text.usbd_ep_dequeue
                0x0000000000008288        0x6 zephyr/subsys/usb/device_next/libsubsys__usb__device_next.a(usbd_endpoint.c.obj)
                0x0000000000008288                usbd_ep_dequeue
 .text.usbd_ep_set_halt
                0x000000000000828e       0x54 zephyr/subsys/usb/device_next/libsubsys__usb__device_next.a(usbd_endpoint.c.obj)
                0x000000000000828e                usbd_ep_set_halt
 .text.usbd_ep_clear_halt
                0x00000000000082e2       0x42 zephyr/subsys/usb/device_next/libsubsys__usb__device_next.a(usbd_endpoint.c.obj)
                0x00000000000082e2                usbd_ep_clear_halt
 .text.usbd_ep_is_halted
                0x0000000000008324       0x1a zephyr/subsys/usb/device_next/libsubsys__usb__device_next.a(usbd_endpoint.c.obj)
                0x0000000000008324                usbd_ep_is_halted
 .text.msg_work_handler
                0x000000000000833e       0x98 zephyr/subsys/usb/device_next/libsubsys__usb__device_next.a(usbd_msg.c.obj)
 .text.usbd_msg_pub
                0x00000000000083d6       0x68 zephyr/subsys/usb/device_next/libsubsys__usb__device_next.a(usbd_msg.c.obj)
 .text.usbd_msg_register_cb
                0x000000000000843e       0x3e zephyr/subsys/usb/device_next/libsubsys__usb__device_next.a(usbd_msg.c.obj)
                0x000000000000843e                usbd_msg_register_cb
 .text.usbd_msg_pub_simple
                0x000000000000847c       0x10 zephyr/subsys/usb/device_next/libsubsys__usb__device_next.a(usbd_msg.c.obj)
                0x000000000000847c                usbd_msg_pub_simple
 .text.usbd_msg_pub_device
                0x000000000000848c       0x10 zephyr/subsys/usb/device_next/libsubsys__usb__device_next.a(usbd_msg.c.obj)
                0x000000000000848c                usbd_msg_pub_device
 .text.usbd_cdc_acm_update
                0x000000000000849c        0x2 zephyr/subsys/usb/device_next/libsubsys__usb__device_next.a(usbd_cdc_acm.c.obj)
 .text.usbd_cdc_acm_get_desc
                0x000000000000849e       0x12 zephyr/subsys/usb/device_next/libsubsys__usb__device_next.a(usbd_cdc_acm.c.obj)
 .text.usbd_cdc_acm_init
                0x00000000000084b0       0x1e zephyr/subsys/usb/device_next/libsubsys__usb__device_next.a(usbd_cdc_acm.c.obj)
 .text.cdc_acm_irq_rx_ready
                0x00000000000084ce       0x24 zephyr/subsys/usb/device_next/libsubsys__usb__device_next.a(usbd_cdc_acm.c.obj)
 .text.cdc_acm_irq_is_pending
                0x00000000000084f2       0x24 zephyr/subsys/usb/device_next/libsubsys__usb__device_next.a(usbd_cdc_acm.c.obj)
 .text.cdc_acm_irq_callback_set
                0x0000000000008516        0x8 zephyr/subsys/usb/device_next/libsubsys__usb__device_next.a(usbd_cdc_acm.c.obj)
 .text.cdc_acm_configure
                0x000000000000851e        0x4 zephyr/subsys/usb/device_next/libsubsys__usb__device_next.a(usbd_cdc_acm.c.obj)
 .text.usbd_cdc_acm_suspended
                0x0000000000008522        0xe zephyr/subsys/usb/device_next/libsubsys__usb__device_next.a(usbd_cdc_acm.c.obj)
 .text.atomic_test_bit
                0x0000000000008530       0x1a zephyr/subsys/usb/device_next/libsubsys__usb__device_next.a(usbd_cdc_acm.c.obj)
 .text.cdc_acm_irq_update
                0x000000000000854a       0x62 zephyr/subsys/usb/device_next/libsubsys__usb__device_next.a(usbd_cdc_acm.c.obj)
 .text.cdc_acm_fifo_fill
                0x00000000000085ac       0x40 zephyr/subsys/usb/device_next/libsubsys__usb__device_next.a(usbd_cdc_acm.c.obj)
 .text.cdc_acm_get_bulk_out
                0x00000000000085ec       0x2a zephyr/subsys/usb/device_next/libsubsys__usb__device_next.a(usbd_cdc_acm.c.obj)
 .text.cdc_acm_config_get
                0x0000000000008616       0x1a zephyr/subsys/usb/device_next/libsubsys__usb__device_next.a(usbd_cdc_acm.c.obj)
 .text.usbd_cdc_acm_ctd
                0x0000000000008630       0xea zephyr/subsys/usb/device_next/libsubsys__usb__device_next.a(usbd_cdc_acm.c.obj)
 .text.cdc_acm_fifo_read
                0x000000000000871a       0x32 zephyr/subsys/usb/device_next/libsubsys__usb__device_next.a(usbd_cdc_acm.c.obj)
 .text.usbd_cdc_acm_init_wq
                0x000000000000874c       0x34 zephyr/subsys/usb/device_next/libsubsys__usb__device_next.a(usbd_cdc_acm.c.obj)
 .text.usbd_cdc_acm_cth
                0x0000000000008780       0x4e zephyr/subsys/usb/device_next/libsubsys__usb__device_next.a(usbd_cdc_acm.c.obj)
 .text.atomic_clear_bit
                0x00000000000087ce        0xe zephyr/subsys/usb/device_next/libsubsys__usb__device_next.a(usbd_cdc_acm.c.obj)
 .text.usbd_cdc_acm_disable
                0x00000000000087dc       0x20 zephyr/subsys/usb/device_next/libsubsys__usb__device_next.a(usbd_cdc_acm.c.obj)
 .text.usbd_cdc_acm_resumed
                0x00000000000087fc        0xe zephyr/subsys/usb/device_next/libsubsys__usb__device_next.a(usbd_cdc_acm.c.obj)
 .text.cdc_acm_irq_rx_disable
                0x000000000000880a        0xc zephyr/subsys/usb/device_next/libsubsys__usb__device_next.a(usbd_cdc_acm.c.obj)
 .text.cdc_acm_irq_tx_disable
                0x0000000000008816        0xc zephyr/subsys/usb/device_next/libsubsys__usb__device_next.a(usbd_cdc_acm.c.obj)
 .text.usbd_cdc_acm_request
                0x0000000000008822      0x126 zephyr/subsys/usb/device_next/libsubsys__usb__device_next.a(usbd_cdc_acm.c.obj)
 .text.atomic_test_and_set_bit
                0x0000000000008948       0x20 zephyr/subsys/usb/device_next/libsubsys__usb__device_next.a(usbd_cdc_acm.c.obj)
 .text.usbd_cdc_acm_preinit
                0x0000000000008968       0x82 zephyr/subsys/usb/device_next/libsubsys__usb__device_next.a(usbd_cdc_acm.c.obj)
 .text.cdc_acm_irq_tx_ready
                0x00000000000089ea       0x28 zephyr/subsys/usb/device_next/libsubsys__usb__device_next.a(usbd_cdc_acm.c.obj)
 .text.cdc_acm_poll_out
                0x0000000000008a12       0x8e zephyr/subsys/usb/device_next/libsubsys__usb__device_next.a(usbd_cdc_acm.c.obj)
 .text.cdc_acm_poll_in
                0x0000000000008aa0       0x72 zephyr/subsys/usb/device_next/libsubsys__usb__device_next.a(usbd_cdc_acm.c.obj)
 .text.cdc_acm_irq_cb_handler
                0x0000000000008b12      0x118 zephyr/subsys/usb/device_next/libsubsys__usb__device_next.a(usbd_cdc_acm.c.obj)
 .text.cdc_acm_irq_rx_enable
                0x0000000000008c2a       0x5c zephyr/subsys/usb/device_next/libsubsys__usb__device_next.a(usbd_cdc_acm.c.obj)
 .text.usbd_cdc_acm_enable
                0x0000000000008c86       0x6c zephyr/subsys/usb/device_next/libsubsys__usb__device_next.a(usbd_cdc_acm.c.obj)
 .text.cdc_acm_irq_tx_enable
                0x0000000000008cf2       0x3a zephyr/subsys/usb/device_next/libsubsys__usb__device_next.a(usbd_cdc_acm.c.obj)
 .text.cdc_acm_buf_alloc
                0x0000000000008d2c       0x32 zephyr/subsys/usb/device_next/libsubsys__usb__device_next.a(usbd_cdc_acm.c.obj)
                0x0000000000008d2c                cdc_acm_buf_alloc
 .text.cdc_acm_rx_fifo_handler
                0x0000000000008d5e       0xa2 zephyr/subsys/usb/device_next/libsubsys__usb__device_next.a(usbd_cdc_acm.c.obj)
 .text.cdc_acm_tx_fifo_handler
                0x0000000000008e00       0xde zephyr/subsys/usb/device_next/libsubsys__usb__device_next.a(usbd_cdc_acm.c.obj)
 .text.fixed_data_unref
                0x0000000000008ede        0x2 zephyr/subsys/net/libsubsys__net.a(buf.c.obj)
 .text.net_buf_destroy
                0x0000000000008ee0       0x50 zephyr/subsys/net/libsubsys__net.a(buf.c.obj)
 .text.net_buf_pool_get
                0x0000000000008f30       0x10 zephyr/subsys/net/libsubsys__net.a(buf.c.obj)
                0x0000000000008f30                net_buf_pool_get
 .text.net_buf_id
                0x0000000000008f40       0x24 zephyr/subsys/net/libsubsys__net.a(buf.c.obj)
                0x0000000000008f40                net_buf_id
 .text.fixed_data_alloc
                0x0000000000008f64       0x38 zephyr/subsys/net/libsubsys__net.a(buf.c.obj)
 .text.net_buf_alloc_len
                0x0000000000008f9c      0x146 zephyr/subsys/net/libsubsys__net.a(buf.c.obj)
                0x0000000000008f9c                net_buf_alloc_len
 .text.net_buf_alloc_fixed
                0x00000000000090e2        0xc zephyr/subsys/net/libsubsys__net.a(buf.c.obj)
                0x00000000000090e2                net_buf_alloc_fixed
 .text.net_buf_unref
                0x00000000000090ee       0x56 zephyr/subsys/net/libsubsys__net.a(buf.c.obj)
                0x00000000000090ee                net_buf_unref
 .text.net_buf_frag_insert
                0x0000000000009144       0x12 zephyr/subsys/net/libsubsys__net.a(buf.c.obj)
                0x0000000000009144                net_buf_frag_insert
 .text.net_buf_frag_add
                0x0000000000009156       0x2e zephyr/subsys/net/libsubsys__net.a(buf.c.obj)
                0x0000000000009156                net_buf_frag_add
 .text.net_buf_frag_del
                0x0000000000009184       0x24 zephyr/subsys/net/libsubsys__net.a(buf.c.obj)
                0x0000000000009184                net_buf_frag_del
 .text.net_buf_simple_add
                0x00000000000091a8       0x12 zephyr/subsys/net/libsubsys__net.a(buf_simple.c.obj)
                0x00000000000091a8                net_buf_simple_add
 .text.net_buf_simple_add_mem
                0x00000000000091ba       0x16 zephyr/subsys/net/libsubsys__net.a(buf_simple.c.obj)
                0x00000000000091ba                net_buf_simple_add_mem
 .text.net_buf_simple_add_u8
                0x00000000000091d0       0x16 zephyr/subsys/net/libsubsys__net.a(buf_simple.c.obj)
                0x00000000000091d0                net_buf_simple_add_u8
 .text.net_buf_simple_add_le16
                0x00000000000091e6       0x1a zephyr/subsys/net/libsubsys__net.a(buf_simple.c.obj)
                0x00000000000091e6                net_buf_simple_add_le16
 .text.net_buf_simple_remove_mem
                0x0000000000009200       0x14 zephyr/subsys/net/libsubsys__net.a(buf_simple.c.obj)
                0x0000000000009200                net_buf_simple_remove_mem
 .text.net_buf_simple_pull
                0x0000000000009214       0x14 zephyr/subsys/net/libsubsys__net.a(buf_simple.c.obj)
                0x0000000000009214                net_buf_simple_pull
 .text.net_buf_simple_tailroom
                0x0000000000009228       0x16 zephyr/subsys/net/libsubsys__net.a(buf_simple.c.obj)
                0x0000000000009228                net_buf_simple_tailroom
 .text.ch32v_pfic_enable
                0x000000000000923e       0x18 zephyr/drivers/interrupt_controller/libdrivers__interrupt_controller.a(intc_ch32v_pfic.c.obj)
                0x000000000000923e                ch32v_pfic_enable
 .text.ch32v_pfic_disable
                0x0000000000009256       0x24 zephyr/drivers/interrupt_controller/libdrivers__interrupt_controller.a(intc_ch32v_pfic.c.obj)
                0x0000000000009256                ch32v_pfic_disable
 .text.ch32v_pfic_priority_set
                0x000000000000927a       0x14 zephyr/drivers/interrupt_controller/libdrivers__interrupt_controller.a(intc_ch32v_pfic.c.obj)
                0x000000000000927a                ch32v_pfic_priority_set
 .text.udc_pool_data_unref
                0x000000000000928e       0x1c zephyr/drivers/usb/udc/libdrivers__usb__udc.a(udc_common.c.obj)
 .text.udc_pool_data_alloc
                0x00000000000092aa       0x3a zephyr/drivers/usb/udc/libdrivers__usb__udc.a(udc_common.c.obj)
 .text.udc_buf_destroy
                0x00000000000092e4       0x3e zephyr/drivers/usb/udc/libdrivers__usb__udc.a(udc_common.c.obj)
 .text.udc_work_q_init
                0x0000000000009322       0x3a zephyr/drivers/usb/udc/libdrivers__usb__udc.a(udc_common.c.obj)
 .text.ep_check_config.constprop.0
                0x000000000000935c       0x70 zephyr/drivers/usb/udc/libdrivers__usb__udc.a(udc_common.c.obj)
 .text.udc_is_initialized.isra.0
                0x00000000000093cc       0x14 zephyr/drivers/usb/udc/libdrivers__usb__udc.a(udc_common.c.obj)
 .text.udc_is_enabled.isra.0
                0x00000000000093e0       0x16 zephyr/drivers/usb/udc/libdrivers__usb__udc.a(udc_common.c.obj)
 .text.udc_set_suspended
                0x00000000000093f6       0x52 zephyr/drivers/usb/udc/libdrivers__usb__udc.a(udc_common.c.obj)
                0x00000000000093f6                udc_set_suspended
 .text.udc_get_ep_cfg
                0x0000000000009448       0x18 zephyr/drivers/usb/udc/libdrivers__usb__udc.a(udc_common.c.obj)
                0x0000000000009448                udc_get_ep_cfg
 .text.udc_ep_is_busy
                0x0000000000009460       0x14 zephyr/drivers/usb/udc/libdrivers__usb__udc.a(udc_common.c.obj)
                0x0000000000009460                udc_ep_is_busy
 .text.udc_ep_set_busy
                0x0000000000009474       0x24 zephyr/drivers/usb/udc/libdrivers__usb__udc.a(udc_common.c.obj)
                0x0000000000009474                udc_ep_set_busy
 .text.udc_register_ep
                0x0000000000009498       0x42 zephyr/drivers/usb/udc/libdrivers__usb__udc.a(udc_common.c.obj)
                0x0000000000009498                udc_register_ep
 .text.udc_buf_get
                0x00000000000094da       0x1c zephyr/drivers/usb/udc/libdrivers__usb__udc.a(udc_common.c.obj)
                0x00000000000094da                udc_buf_get
 .text.udc_buf_get_all
                0x00000000000094f6       0x48 zephyr/drivers/usb/udc/libdrivers__usb__udc.a(udc_common.c.obj)
                0x00000000000094f6                udc_buf_get_all
 .text.udc_buf_peek
                0x000000000000953e       0x18 zephyr/drivers/usb/udc/libdrivers__usb__udc.a(udc_common.c.obj)
                0x000000000000953e                udc_buf_peek
 .text.udc_buf_put
                0x0000000000009556        0x4 zephyr/drivers/usb/udc/libdrivers__usb__udc.a(udc_common.c.obj)
                0x0000000000009556                udc_buf_put
 .text.udc_ep_buf_set_setup
                0x000000000000955a       0x10 zephyr/drivers/usb/udc/libdrivers__usb__udc.a(udc_common.c.obj)
                0x000000000000955a                udc_ep_buf_set_setup
 .text.udc_ep_buf_has_zlp
                0x000000000000956a        0xa zephyr/drivers/usb/udc/libdrivers__usb__udc.a(udc_common.c.obj)
                0x000000000000956a                udc_ep_buf_has_zlp
 .text.udc_ep_buf_clear_zlp
                0x0000000000009574        0xc zephyr/drivers/usb/udc/libdrivers__usb__udc.a(udc_common.c.obj)
                0x0000000000009574                udc_ep_buf_clear_zlp
 .text.udc_submit_event
                0x0000000000009580       0x1a zephyr/drivers/usb/udc/libdrivers__usb__udc.a(udc_common.c.obj)
                0x0000000000009580                udc_submit_event
 .text.udc_submit_ep_event
                0x000000000000959a       0x5c zephyr/drivers/usb/udc/libdrivers__usb__udc.a(udc_common.c.obj)
                0x000000000000959a                udc_submit_ep_event
 .text.udc_ep_try_config
                0x00000000000095f6       0xc2 zephyr/drivers/usb/udc/libdrivers__usb__udc.a(udc_common.c.obj)
                0x00000000000095f6                udc_ep_try_config
 .text.udc_ep_enable_internal
                0x00000000000096b8       0xba zephyr/drivers/usb/udc/libdrivers__usb__udc.a(udc_common.c.obj)
                0x00000000000096b8                udc_ep_enable_internal
 .text.udc_ep_enable
                0x0000000000009772       0x56 zephyr/drivers/usb/udc/libdrivers__usb__udc.a(udc_common.c.obj)
                0x0000000000009772                udc_ep_enable
 .text.udc_ep_disable_internal
                0x00000000000097c8       0x6a zephyr/drivers/usb/udc/libdrivers__usb__udc.a(udc_common.c.obj)
                0x00000000000097c8                udc_ep_disable_internal
 .text.udc_ep_disable
                0x0000000000009832       0x4a zephyr/drivers/usb/udc/libdrivers__usb__udc.a(udc_common.c.obj)
                0x0000000000009832                udc_ep_disable
 .text.udc_ep_set_halt
                0x000000000000987c       0x68 zephyr/drivers/usb/udc/libdrivers__usb__udc.a(udc_common.c.obj)
                0x000000000000987c                udc_ep_set_halt
 .text.udc_ep_clear_halt
                0x00000000000098e4       0x7c zephyr/drivers/usb/udc/libdrivers__usb__udc.a(udc_common.c.obj)
                0x00000000000098e4                udc_ep_clear_halt
 .text.udc_ep_enqueue
                0x0000000000009960       0x66 zephyr/drivers/usb/udc/libdrivers__usb__udc.a(udc_common.c.obj)
                0x0000000000009960                udc_ep_enqueue
 .text.udc_ep_dequeue
                0x00000000000099c6       0x56 zephyr/drivers/usb/udc/libdrivers__usb__udc.a(udc_common.c.obj)
                0x00000000000099c6                udc_ep_dequeue
 .text.udc_ep_buf_alloc
                0x0000000000009a1c       0x6e zephyr/drivers/usb/udc/libdrivers__usb__udc.a(udc_common.c.obj)
                0x0000000000009a1c                udc_ep_buf_alloc
 .text.udc_ctrl_alloc
                0x0000000000009a8a        0x4 zephyr/drivers/usb/udc/libdrivers__usb__udc.a(udc_common.c.obj)
                0x0000000000009a8a                udc_ctrl_alloc
 .text.udc_ep_buf_free
                0x0000000000009a8e       0x34 zephyr/drivers/usb/udc/libdrivers__usb__udc.a(udc_common.c.obj)
                0x0000000000009a8e                udc_ep_buf_free
 .text.udc_device_speed
                0x0000000000009ac2       0x44 zephyr/drivers/usb/udc/libdrivers__usb__udc.a(udc_common.c.obj)
                0x0000000000009ac2                udc_device_speed
 .text.udc_enable
                0x0000000000009b06       0x64 zephyr/drivers/usb/udc/libdrivers__usb__udc.a(udc_common.c.obj)
                0x0000000000009b06                udc_enable
 .text.udc_disable
                0x0000000000009b6a       0x54 zephyr/drivers/usb/udc/libdrivers__usb__udc.a(udc_common.c.obj)
                0x0000000000009b6a                udc_disable
 .text.udc_init
                0x0000000000009bbe       0x72 zephyr/drivers/usb/udc/libdrivers__usb__udc.a(udc_common.c.obj)
                0x0000000000009bbe                udc_init
 .text.udc_shutdown
                0x0000000000009c30       0x5e zephyr/drivers/usb/udc/libdrivers__usb__udc.a(udc_common.c.obj)
                0x0000000000009c30                udc_shutdown
 .text.udc_ctrl_submit_s_out_status
                0x0000000000009c8e       0x66 zephyr/drivers/usb/udc/libdrivers__usb__udc.a(udc_common.c.obj)
                0x0000000000009c8e                udc_ctrl_submit_s_out_status
 .text.udc_ctrl_submit_s_in_status
                0x0000000000009cf4       0x74 zephyr/drivers/usb/udc/libdrivers__usb__udc.a(udc_common.c.obj)
                0x0000000000009cf4                udc_ctrl_submit_s_in_status
 .text.udc_ctrl_submit_s_status
                0x0000000000009d68       0x56 zephyr/drivers/usb/udc/libdrivers__usb__udc.a(udc_common.c.obj)
                0x0000000000009d68                udc_ctrl_submit_s_status
 .text.udc_ctrl_submit_status
                0x0000000000009dbe       0x12 zephyr/drivers/usb/udc/libdrivers__usb__udc.a(udc_common.c.obj)
                0x0000000000009dbe                udc_ctrl_submit_status
 .text.udc_ctrl_stage_is_data_out
                0x0000000000009dd0        0xe zephyr/drivers/usb/udc/libdrivers__usb__udc.a(udc_common.c.obj)
                0x0000000000009dd0                udc_ctrl_stage_is_data_out
 .text.udc_ctrl_stage_is_data_in
                0x0000000000009dde        0xe zephyr/drivers/usb/udc/libdrivers__usb__udc.a(udc_common.c.obj)
                0x0000000000009dde                udc_ctrl_stage_is_data_in
 .text.udc_ctrl_stage_is_status_out
                0x0000000000009dec        0xe zephyr/drivers/usb/udc/libdrivers__usb__udc.a(udc_common.c.obj)
                0x0000000000009dec                udc_ctrl_stage_is_status_out
 .text.udc_ctrl_stage_is_status_in
                0x0000000000009dfa        0xe zephyr/drivers/usb/udc/libdrivers__usb__udc.a(udc_common.c.obj)
                0x0000000000009dfa                udc_ctrl_stage_is_status_in
 .text.udc_ctrl_stage_is_no_data
                0x0000000000009e08        0xe zephyr/drivers/usb/udc/libdrivers__usb__udc.a(udc_common.c.obj)
                0x0000000000009e08                udc_ctrl_stage_is_no_data
 .text.udc_ctrl_update_stage
                0x0000000000009e16       0xbe zephyr/drivers/usb/udc/libdrivers__usb__udc.a(udc_common.c.obj)
                0x0000000000009e16                udc_ctrl_update_stage
 .text.udc_ch58x_ep_set_halt
                0x0000000000009ed4       0x62 zephyr/drivers/usb/udc/libdrivers__usb__udc.a(udc_ch58x.c.obj)
 .text.udc_ch58x_set_address
                0x0000000000009f36        0xc zephyr/drivers/usb/udc/libdrivers__usb__udc.a(udc_ch58x.c.obj)
 .text.udc_ch58x_host_wakeup
                0x0000000000009f42        0x4 zephyr/drivers/usb/udc/libdrivers__usb__udc.a(udc_ch58x.c.obj)
 .text.udc_ch58x_device_speed
                0x0000000000009f46        0xc zephyr/drivers/usb/udc/libdrivers__usb__udc.a(udc_ch58x.c.obj)
 .text.udc_ch58x_enable
                0x0000000000009f52       0x34 zephyr/drivers/usb/udc/libdrivers__usb__udc.a(udc_ch58x.c.obj)
 .text.udc_ch58x_disable
                0x0000000000009f86       0x2c zephyr/drivers/usb/udc/libdrivers__usb__udc.a(udc_ch58x.c.obj)
 .text.udc_ch58x_ep_enable
                0x0000000000009fb2      0x120 zephyr/drivers/usb/udc/libdrivers__usb__udc.a(udc_ch58x.c.obj)
 .text.udc_ch58x_ep_dequeue
                0x000000000000a0d2       0x36 zephyr/drivers/usb/udc/libdrivers__usb__udc.a(udc_ch58x.c.obj)
 .text.udc_ch58x_ep_disable
                0x000000000000a108       0x7c zephyr/drivers/usb/udc/libdrivers__usb__udc.a(udc_ch58x.c.obj)
 .text.udc_irq_disable_func0
                0x000000000000a184        0x6 zephyr/drivers/usb/udc/libdrivers__usb__udc.a(udc_ch58x.c.obj)
 .text.udc_irq_disable_func1
                0x000000000000a18a        0x6 zephyr/drivers/usb/udc/libdrivers__usb__udc.a(udc_ch58x.c.obj)
 .text.udc_irq_enable_func0
                0x000000000000a190       0x18 zephyr/drivers/usb/udc/libdrivers__usb__udc.a(udc_ch58x.c.obj)
 .text.udc_irq_enable_func1
                0x000000000000a1a8       0x18 zephyr/drivers/usb/udc/libdrivers__usb__udc.a(udc_ch58x.c.obj)
 .text.udc_ch58x_lock
                0x000000000000a1c0        0xe zephyr/drivers/usb/udc/libdrivers__usb__udc.a(udc_ch58x.c.obj)
 .text.udc_ch58x_unlock
                0x000000000000a1ce        0xa zephyr/drivers/usb/udc/libdrivers__usb__udc.a(udc_ch58x.c.obj)
 .text.ch58x_event_submit
                0x000000000000a1d8       0x64 zephyr/drivers/usb/udc/libdrivers__usb__udc.a(udc_ch58x.c.obj)
 .text.udc_ch58x_ep_clear_halt
                0x000000000000a23c       0x64 zephyr/drivers/usb/udc/libdrivers__usb__udc.a(udc_ch58x.c.obj)
 .text.udc_ch58x_ep_enqueue
                0x000000000000a2a0       0x36 zephyr/drivers/usb/udc/libdrivers__usb__udc.a(udc_ch58x.c.obj)
 .text.xfer_work_handler
                0x000000000000a2d6      0x5ac zephyr/drivers/usb/udc/libdrivers__usb__udc.a(udc_ch58x.c.obj)
 .text.udc_ch58x_shutdown
                0x000000000000a882       0x3a zephyr/drivers/usb/udc/libdrivers__usb__udc.a(udc_ch58x.c.obj)
 .text.udc_ch58x_init
                0x000000000000a8bc       0xc6 zephyr/drivers/usb/udc/libdrivers__usb__udc.a(udc_ch58x.c.obj)
 .text.udc_ch58x_isr
                0x000000000000a982      0x172 zephyr/drivers/usb/udc/libdrivers__usb__udc.a(udc_ch58x.c.obj)
 .text.udc_ch58x_driver_preinit
                0x000000000000aaf4      0x19c zephyr/drivers/usb/udc/libdrivers__usb__udc.a(udc_ch58x.c.obj)
 .text.ch57x_clkmux_on
                0x000000000000ac90        0x4 zephyr/drivers/clock_control/libdrivers__clock_control.a(clock_control_ch57x_clkmux.c.obj)
 .text.ch57x_clkmux_get_rate
                0x000000000000ac94        0xa zephyr/drivers/clock_control/libdrivers__clock_control.a(clock_control_ch57x_clkmux.c.obj)
 .text.ch57x_clkmux_get_status
                0x000000000000ac9e        0x4 zephyr/drivers/clock_control/libdrivers__clock_control.a(clock_control_ch57x_clkmux.c.obj)
 .text.ch57x_clkmux_off
                0x000000000000aca2        0x4 zephyr/drivers/clock_control/libdrivers__clock_control.a(clock_control_ch57x_clkmux.c.obj)
 .text.uart_console_init
                0x000000000000aca6       0x32 zephyr/drivers/console/libdrivers__console.a(uart_console.c.obj)
 .text.console_out
                0x000000000000acd8       0x44 zephyr/drivers/console/libdrivers__console.a(uart_console.c.obj)
 .text.flash_get_page_info
                0x000000000000ad1c       0x76 zephyr/drivers/flash/libdrivers__flash.a(flash_page_layout.c.obj)
 .text.z_impl_flash_get_page_info_by_offs
                0x000000000000ad92        0x8 zephyr/drivers/flash/libdrivers__flash.a(flash_page_layout.c.obj)
                0x000000000000ad92                z_impl_flash_get_page_info_by_offs
 .text.is_data_flash_area
                0x000000000000ad9a       0x24 zephyr/drivers/flash/libdrivers__flash.a(soc_flash_ch5xx.c.obj)
 .text.flash_ch5xx_get_parameters
                0x000000000000adbe        0x8 zephyr/drivers/flash/libdrivers__flash.a(soc_flash_ch5xx.c.obj)
 .text.flash_ch5xx_page_layout
                0x000000000000adc6        0xe zephyr/drivers/flash/libdrivers__flash.a(soc_flash_ch5xx.c.obj)
 .text.ch5xx_flash_init
                0x000000000000add4       0x16 zephyr/drivers/flash/libdrivers__flash.a(soc_flash_ch5xx.c.obj)
 .text.flash_ch5xx_sem_take.isra.0
                0x000000000000adea       0x22 zephyr/drivers/flash/libdrivers__flash.a(soc_flash_ch5xx.c.obj)
 .text.flash_ch5xx_erase
                0x000000000000ae0c      0x122 zephyr/drivers/flash/libdrivers__flash.a(soc_flash_ch5xx.c.obj)
 .text.flash_ch5xx_read
                0x000000000000af2e       0xda zephyr/drivers/flash/libdrivers__flash.a(soc_flash_ch5xx.c.obj)
 .text.flash_ch5xx_write
                0x000000000000b008      0x116 zephyr/drivers/flash/libdrivers__flash.a(soc_flash_ch5xx.c.obj)
 .text.gpio_ch57x_pin_configure
                0x000000000000b11e       0x8c zephyr/drivers/gpio/libdrivers__gpio.a(gpio_ch57x.c.obj)
 .text.gpio_ch57x_port_get_raw
                0x000000000000b1aa        0xc zephyr/drivers/gpio/libdrivers__gpio.a(gpio_ch57x.c.obj)
 .text.gpio_ch57x_port_set_masked_raw
                0x000000000000b1b6       0x14 zephyr/drivers/gpio/libdrivers__gpio.a(gpio_ch57x.c.obj)
 .text.gpio_ch57x_port_set_bits_raw
                0x000000000000b1ca        0xe zephyr/drivers/gpio/libdrivers__gpio.a(gpio_ch57x.c.obj)
 .text.gpio_ch57x_port_clear_bits_raw
                0x000000000000b1d8        0xa zephyr/drivers/gpio/libdrivers__gpio.a(gpio_ch57x.c.obj)
 .text.gpio_ch57x_port_toggle_bits
                0x000000000000b1e2        0xe zephyr/drivers/gpio/libdrivers__gpio.a(gpio_ch57x.c.obj)
 .text.gpio_ch57x_pin_interrupt_configure
                0x000000000000b1f0        0x4 zephyr/drivers/gpio/libdrivers__gpio.a(gpio_ch57x.c.obj)
 .text.gpio_ch57x_manage_callback
                0x000000000000b1f4       0x4a zephyr/drivers/gpio/libdrivers__gpio.a(gpio_ch57x.c.obj)
 .text.gpio_ch57x_isr
                0x000000000000b23e        0x2 zephyr/drivers/gpio/libdrivers__gpio.a(gpio_ch57x.c.obj)
 .text.gpio_ch57x_init
                0x000000000000b240       0x12 zephyr/drivers/gpio/libdrivers__gpio.a(gpio_ch57x.c.obj)
                0x000000000000b240                gpio_ch57x_init
 .text.gpio_ch57x_irq_config_func_0
                0x000000000000b252       0x18 zephyr/drivers/gpio/libdrivers__gpio.a(gpio_ch57x.c.obj)
 .text.gpio_ch57x_irq_config_func_1
                0x000000000000b26a       0x18 zephyr/drivers/gpio/libdrivers__gpio.a(gpio_ch57x.c.obj)
 .text.z_impl_hwinfo_get_device_id
                0x000000000000b282       0x4e zephyr/drivers/hwinfo/libdrivers__hwinfo.a(hwinfo_ch58x.c.obj)
                0x000000000000b282                z_impl_hwinfo_get_device_id
 .text.z_impl_hwinfo_get_device_eui64
                0x000000000000b2d0       0x42 zephyr/drivers/hwinfo/libdrivers__hwinfo.a(hwinfo_ch58x.c.obj)
                0x000000000000b2d0                z_impl_hwinfo_get_device_eui64
 .text.pinctrl_lookup_state
                0x000000000000b312       0x26 zephyr/drivers/pinctrl/libdrivers__pinctrl.a(common.c.obj)
                0x000000000000b312                pinctrl_lookup_state
 .text.pinctrl_configure_pins
                0x000000000000b338       0xea zephyr/drivers/pinctrl/libdrivers__pinctrl.a(pinctrl_ch5xx.c.obj)
                0x000000000000b338                pinctrl_configure_pins
 .text.ch5xx_pwm_init
                0x000000000000b422       0xbe zephyr/drivers/pwm/libdrivers__pwm.a(pwm_ch5xx.c.obj)
 .text.ch5xx_get_cycles_per_sec.part.0
                0x000000000000b4e0       0x20 zephyr/drivers/pwm/libdrivers__pwm.a(pwm_ch5xx.c.obj)
 .text.ch5xx_get_cycles_per_sec
                0x000000000000b500       0x26 zephyr/drivers/pwm/libdrivers__pwm.a(pwm_ch5xx.c.obj)
 .text.ch5xx_pwm_set_cycles
                0x000000000000b526       0xe0 zephyr/drivers/pwm/libdrivers__pwm.a(pwm_ch5xx.c.obj)
 .text.uart_ch5xx_poll_in
                0x000000000000b606       0x1a zephyr/drivers/serial/libdrivers__serial.a(uart_ch5xx.c.obj)
 .text.uart_ch5xx_poll_out
                0x000000000000b620       0x18 zephyr/drivers/serial/libdrivers__serial.a(uart_ch5xx.c.obj)
 .text.uart_ch5xx_fifo_fill
                0x000000000000b638       0x2a zephyr/drivers/serial/libdrivers__serial.a(uart_ch5xx.c.obj)
 .text.uart_ch5xx_fifo_read
                0x000000000000b662       0x22 zephyr/drivers/serial/libdrivers__serial.a(uart_ch5xx.c.obj)
 .text.uart_ch5xx_irq_tx_enable
                0x000000000000b684       0x12 zephyr/drivers/serial/libdrivers__serial.a(uart_ch5xx.c.obj)
 .text.uart_ch5xx_irq_tx_disable
                0x000000000000b696       0x12 zephyr/drivers/serial/libdrivers__serial.a(uart_ch5xx.c.obj)
 .text.uart_ch5xx_irq_tx_ready
                0x000000000000b6a8        0xe zephyr/drivers/serial/libdrivers__serial.a(uart_ch5xx.c.obj)
 .text.uart_ch5xx_irq_rx_enable
                0x000000000000b6b6       0x12 zephyr/drivers/serial/libdrivers__serial.a(uart_ch5xx.c.obj)
 .text.uart_ch5xx_irq_rx_disable
                0x000000000000b6c8       0x12 zephyr/drivers/serial/libdrivers__serial.a(uart_ch5xx.c.obj)
 .text.uart_ch5xx_irq_rx_ready
                0x000000000000b6da        0xe zephyr/drivers/serial/libdrivers__serial.a(uart_ch5xx.c.obj)
 .text.uart_ch5xx_irq_is_pending
                0x000000000000b6e8       0x12 zephyr/drivers/serial/libdrivers__serial.a(uart_ch5xx.c.obj)
 .text.uart_ch5xx_irq_update
                0x000000000000b6fa        0x4 zephyr/drivers/serial/libdrivers__serial.a(uart_ch5xx.c.obj)
 .text.uart_ch5xx_irq_callback_set
                0x000000000000b6fe        0x8 zephyr/drivers/serial/libdrivers__serial.a(uart_ch5xx.c.obj)
 .text.uart_ch5xx_irq_config_func_0
                0x000000000000b706       0x18 zephyr/drivers/serial/libdrivers__serial.a(uart_ch5xx.c.obj)
 .text.uart_ch5xx_init
                0x000000000000b71e       0x88 zephyr/drivers/serial/libdrivers__serial.a(uart_ch5xx.c.obj)
 .text.uart_irq_rx_ready.isra.0
                0x000000000000b7a6        0xa zephyr/drivers/serial/libdrivers__serial.a(uart_ch5xx.c.obj)
 .text.uart_ch5xx_isr
                0x000000000000b7b0       0x88 zephyr/drivers/serial/libdrivers__serial.a(uart_ch5xx.c.obj)
 .text.sys_clock_init
                0x000000000000b838       0x34 zephyr/drivers/timer/libdrivers__timer.a(ch32v_v4_systick.c.obj)
 .text.sys_clock_isr
                0x000000000000b86c       0x2e zephyr/drivers/timer/libdrivers__timer.a(ch32v_v4_systick.c.obj)
 .text.sys_clock_set_timeout
                0x000000000000b89a        0x2 zephyr/drivers/timer/libdrivers__timer.a(ch32v_v4_systick.c.obj)
                0x000000000000b89a                sys_clock_set_timeout
 .text.sys_clock_elapsed
                0x000000000000b89c        0x4 zephyr/drivers/timer/libdrivers__timer.a(ch32v_v4_systick.c.obj)
                0x000000000000b89c                sys_clock_elapsed
 .text.z_device_state_init
                0x000000000000b8a0        0x2 zephyr/kernel/libkernel.a(device.c.obj)
                0x000000000000b8a0                z_device_state_init
 .text.z_impl_device_is_ready
                0x000000000000b8a2       0x1c zephyr/kernel/libkernel.a(device.c.obj)
                0x000000000000b8a2                z_impl_device_is_ready
 .text.arch_system_halt
                0x000000000000b8be        0x6 zephyr/kernel/libkernel.a(fatal.c.obj)
                0x000000000000b8be                arch_system_halt
 .text.k_sys_fatal_error_handler
                0x000000000000b8c4       0x24 zephyr/kernel/libkernel.a(fatal.c.obj)
                0x000000000000b8c4                k_sys_fatal_error_handler
 .text.z_fatal_error
                0x000000000000b8e8      0x100 zephyr/kernel/libkernel.a(fatal.c.obj)
                0x000000000000b8e8                z_fatal_error
 .text.do_device_init
                0x000000000000b9e8       0x46 zephyr/kernel/libkernel.a(init.c.obj)
 .text.z_sys_init_run_level
                0x000000000000ba2e       0x40 zephyr/kernel/libkernel.a(init.c.obj)
 .text.bg_thread_main
                0x000000000000ba6e       0xc6 zephyr/kernel/libkernel.a(init.c.obj)
 .text.z_early_memset
                0x000000000000bb34        0x4 zephyr/kernel/libkernel.a(init.c.obj)
                0x000000000000bb34                z_early_memset
 .text.z_early_memcpy
                0x000000000000bb38        0x4 zephyr/kernel/libkernel.a(init.c.obj)
                0x000000000000bb38                z_early_memcpy
 .text.z_bss_zero
                0x000000000000bb3c       0x1e zephyr/kernel/libkernel.a(init.c.obj)
                0x000000000000bb3c                z_bss_zero
 .text.z_init_cpu
                0x000000000000bb5a       0x86 zephyr/kernel/libkernel.a(init.c.obj)
                0x000000000000bb5a                z_init_cpu
 .text.z_cstart
                0x000000000000bbe0       0xd8 zephyr/kernel/libkernel.a(init.c.obj)
                0x000000000000bbe0                z_cstart
 .text.z_init_static
                0x000000000000bcb8        0x2 zephyr/kernel/libkernel.a(init_static.c.obj)
                0x000000000000bcb8                z_init_static
 .text.k_heap_init
                0x000000000000bcba        0xc zephyr/kernel/libkernel.a(kheap.c.obj)
                0x000000000000bcba                k_heap_init
 .text.statics_init
                0x000000000000bcc6       0x2e zephyr/kernel/libkernel.a(kheap.c.obj)
 .text.k_heap_aligned_alloc
                0x000000000000bcf4       0x8c zephyr/kernel/libkernel.a(kheap.c.obj)
                0x000000000000bcf4                k_heap_aligned_alloc
 .text.k_heap_free
                0x000000000000bd80       0x3e zephyr/kernel/libkernel.a(kheap.c.obj)
                0x000000000000bd80                k_heap_free
 .text.create_free_list
                0x000000000000bdbe       0x34 zephyr/kernel/libkernel.a(mem_slab.c.obj)
 .text.init_mem_slab_obj_core_list
                0x000000000000bdf2       0x2e zephyr/kernel/libkernel.a(mem_slab.c.obj)
 .text.k_mem_slab_alloc
                0x000000000000be20       0x58 zephyr/kernel/libkernel.a(mem_slab.c.obj)
                0x000000000000be20                k_mem_slab_alloc
 .text.k_mem_slab_free
                0x000000000000be78       0x5a zephyr/kernel/libkernel.a(mem_slab.c.obj)
                0x000000000000be78                k_mem_slab_free
 .text.idle     0x000000000000bed2        0xe zephyr/kernel/libkernel.a(idle.c.obj)
                0x000000000000bed2                idle
 .text.z_impl_k_msgq_put
                0x000000000000bee0       0xae zephyr/kernel/libkernel.a(msg_q.c.obj)
                0x000000000000bee0                z_impl_k_msgq_put
 .text.z_impl_k_msgq_get
                0x000000000000bf8e       0xc6 zephyr/kernel/libkernel.a(msg_q.c.obj)
                0x000000000000bf8e                z_impl_k_msgq_get
 .text.adjust_owner_prio.isra.0
                0x000000000000c054       0x10 zephyr/kernel/libkernel.a(mutex.c.obj)
 .text.z_impl_k_mutex_init
                0x000000000000c064       0x10 zephyr/kernel/libkernel.a(mutex.c.obj)
                0x000000000000c064                z_impl_k_mutex_init
 .text.z_impl_k_mutex_lock
                0x000000000000c074       0xec zephyr/kernel/libkernel.a(mutex.c.obj)
                0x000000000000c074                z_impl_k_mutex_lock
 .text.z_impl_k_mutex_unlock
                0x000000000000c160       0x7a zephyr/kernel/libkernel.a(mutex.c.obj)
                0x000000000000c160                z_impl_k_mutex_unlock
 .text.queue_insert
                0x000000000000c1da       0xc0 zephyr/kernel/libkernel.a(queue.c.obj)
 .text.z_queue_node_peek
                0x000000000000c29a       0x22 zephyr/kernel/libkernel.a(queue.c.obj)
                0x000000000000c29a                z_queue_node_peek
 .text.z_impl_k_queue_init
                0x000000000000c2bc       0x12 zephyr/kernel/libkernel.a(queue.c.obj)
                0x000000000000c2bc                z_impl_k_queue_init
 .text.k_queue_append
                0x000000000000c2ce        0xc zephyr/kernel/libkernel.a(queue.c.obj)
                0x000000000000c2ce                k_queue_append
 .text.k_queue_prepend
                0x000000000000c2da        0xc zephyr/kernel/libkernel.a(queue.c.obj)
                0x000000000000c2da                k_queue_prepend
 .text.z_impl_k_queue_get
                0x000000000000c2e6       0x60 zephyr/kernel/libkernel.a(queue.c.obj)
                0x000000000000c2e6                z_impl_k_queue_get
 .text.z_impl_k_queue_peek_head
                0x000000000000c346        0x8 zephyr/kernel/libkernel.a(queue.c.obj)
                0x000000000000c346                z_impl_k_queue_peek_head
 .text.z_impl_k_sem_init
                0x000000000000c34e       0x18 zephyr/kernel/libkernel.a(sem.c.obj)
                0x000000000000c34e                z_impl_k_sem_init
 .text.z_impl_k_sem_give
                0x000000000000c366       0x50 zephyr/kernel/libkernel.a(sem.c.obj)
                0x000000000000c366                z_impl_k_sem_give
 .text.z_impl_k_sem_take
                0x000000000000c3b6       0x38 zephyr/kernel/libkernel.a(sem.c.obj)
                0x000000000000c3b6                z_impl_k_sem_take
 .text.k_sys_work_q_init
                0x000000000000c3ee       0x36 zephyr/kernel/libkernel.a(system_work_q.c.obj)
 .text.flag_test_and_clear
                0x000000000000c424       0x18 zephyr/kernel/libkernel.a(work.c.obj)
 .text.unschedule_locked
                0x000000000000c43c       0x26 zephyr/kernel/libkernel.a(work.c.obj)
 .text.notify_queue_locked.isra.0
                0x000000000000c462       0x10 zephyr/kernel/libkernel.a(work.c.obj)
 .text.work_queue_main
                0x000000000000c472      0x134 zephyr/kernel/libkernel.a(work.c.obj)
 .text.submit_to_queue_locked
                0x000000000000c5a6       0xd2 zephyr/kernel/libkernel.a(work.c.obj)
 .text.work_timeout
                0x000000000000c678       0x3e zephyr/kernel/libkernel.a(work.c.obj)
 .text.k_work_init
                0x000000000000c6b6       0x10 zephyr/kernel/libkernel.a(work.c.obj)
                0x000000000000c6b6                k_work_init
 .text.z_work_submit_to_queue
                0x000000000000c6c6       0x22 zephyr/kernel/libkernel.a(work.c.obj)
                0x000000000000c6c6                z_work_submit_to_queue
 .text.k_work_submit_to_queue
                0x000000000000c6e8       0x22 zephyr/kernel/libkernel.a(work.c.obj)
                0x000000000000c6e8                k_work_submit_to_queue
 .text.k_work_queue_init